Component: ARM Compiler 5.06 update 7 (build 960) Tool: armlink [4d3601]

==============================================================================

Section Cross References

    gd32f30x_it.o(i.SysTick_Handler) refers to systick.o(i.delay_decrement) for delay_decrement
    gd32f30x_it.o(i.SysTick_Handler) refers to work.o(.bss) for task_queue
    gd32f30x_it.o(i.SysTick_Handler) refers to timer.o(.bss) for Timer
    main.o(i.main) refers to work.o(i.hw_init) for hw_init
    main.o(i.main) refers to work.o(i.init_task_queue) for init_task_queue
    main.o(i.main) refers to work.o(i.task_init) for task_init
    main.o(i.main) refers to work.o(i.execute_state_machine) for execute_state_machine
    main.o(i.main) refers to work.o(i.scheduler) for scheduler
    systick.o(i.delay_1ms) refers to systick.o(.data) for delay
    systick.o(i.delay_decrement) refers to systick.o(.data) for delay
    systick.o(i.systick_config) refers to systick.o(i.NVIC_SetPriority) for NVIC_SetPriority
    systick.o(i.systick_config) refers to system_gd32f30x.o(.data) for SystemCoreClock
    system_gd32f30x.o(i.SystemCoreClockUpdate) refers to system_gd32f30x.o(.data) for SystemCoreClock
    system_gd32f30x.o(i.SystemInit) refers to system_gd32f30x.o(i.system_clock_config) for system_clock_config
    system_gd32f30x.o(i.system_clock_config) refers to system_gd32f30x.o(i.system_clock_120m_hxtal) for system_clock_120m_hxtal
    gd32f30x_adc.o(i.adc_deinit) refers to gd32f30x_rcu.o(i.rcu_periph_reset_enable) for rcu_periph_reset_enable
    gd32f30x_adc.o(i.adc_deinit) refers to gd32f30x_rcu.o(i.rcu_periph_reset_disable) for rcu_periph_reset_disable
    gd32f30x_bkp.o(i.bkp_deinit) refers to gd32f30x_rcu.o(i.rcu_bkp_reset_enable) for rcu_bkp_reset_enable
    gd32f30x_bkp.o(i.bkp_deinit) refers to gd32f30x_rcu.o(i.rcu_bkp_reset_disable) for rcu_bkp_reset_disable
    gd32f30x_can.o(i.can_debug_freeze_disable) refers to gd32f30x_dbg.o(i.dbg_periph_disable) for dbg_periph_disable
    gd32f30x_can.o(i.can_debug_freeze_enable) refers to gd32f30x_dbg.o(i.dbg_periph_enable) for dbg_periph_enable
    gd32f30x_can.o(i.can_deinit) refers to gd32f30x_rcu.o(i.rcu_periph_reset_enable) for rcu_periph_reset_enable
    gd32f30x_can.o(i.can_deinit) refers to gd32f30x_rcu.o(i.rcu_periph_reset_disable) for rcu_periph_reset_disable
    gd32f30x_can.o(i.can_interrupt_flag_get) refers to gd32f30x_can.o(i.can_receive_message_length_get) for can_receive_message_length_get
    gd32f30x_can.o(i.can_interrupt_flag_get) refers to gd32f30x_can.o(i.can_error_get) for can_error_get
    gd32f30x_ctc.o(i.ctc_deinit) refers to gd32f30x_rcu.o(i.rcu_periph_reset_enable) for rcu_periph_reset_enable
    gd32f30x_ctc.o(i.ctc_deinit) refers to gd32f30x_rcu.o(i.rcu_periph_reset_disable) for rcu_periph_reset_disable
    gd32f30x_dac.o(i.dac_deinit) refers to gd32f30x_rcu.o(i.rcu_periph_reset_enable) for rcu_periph_reset_enable
    gd32f30x_dac.o(i.dac_deinit) refers to gd32f30x_rcu.o(i.rcu_periph_reset_disable) for rcu_periph_reset_disable
    gd32f30x_dma.o(i.dma_channel_disable) refers to gd32f30x_dma.o(i.dma_periph_and_channel_check) for dma_periph_and_channel_check
    gd32f30x_dma.o(i.dma_channel_enable) refers to gd32f30x_dma.o(i.dma_periph_and_channel_check) for dma_periph_and_channel_check
    gd32f30x_dma.o(i.dma_circulation_disable) refers to gd32f30x_dma.o(i.dma_periph_and_channel_check) for dma_periph_and_channel_check
    gd32f30x_dma.o(i.dma_circulation_enable) refers to gd32f30x_dma.o(i.dma_periph_and_channel_check) for dma_periph_and_channel_check
    gd32f30x_dma.o(i.dma_deinit) refers to gd32f30x_dma.o(i.dma_periph_and_channel_check) for dma_periph_and_channel_check
    gd32f30x_dma.o(i.dma_init) refers to gd32f30x_dma.o(i.dma_periph_and_channel_check) for dma_periph_and_channel_check
    gd32f30x_dma.o(i.dma_interrupt_disable) refers to gd32f30x_dma.o(i.dma_periph_and_channel_check) for dma_periph_and_channel_check
    gd32f30x_dma.o(i.dma_interrupt_enable) refers to gd32f30x_dma.o(i.dma_periph_and_channel_check) for dma_periph_and_channel_check
    gd32f30x_dma.o(i.dma_memory_address_config) refers to gd32f30x_dma.o(i.dma_periph_and_channel_check) for dma_periph_and_channel_check
    gd32f30x_dma.o(i.dma_memory_increase_disable) refers to gd32f30x_dma.o(i.dma_periph_and_channel_check) for dma_periph_and_channel_check
    gd32f30x_dma.o(i.dma_memory_increase_enable) refers to gd32f30x_dma.o(i.dma_periph_and_channel_check) for dma_periph_and_channel_check
    gd32f30x_dma.o(i.dma_memory_to_memory_disable) refers to gd32f30x_dma.o(i.dma_periph_and_channel_check) for dma_periph_and_channel_check
    gd32f30x_dma.o(i.dma_memory_to_memory_enable) refers to gd32f30x_dma.o(i.dma_periph_and_channel_check) for dma_periph_and_channel_check
    gd32f30x_dma.o(i.dma_memory_width_config) refers to gd32f30x_dma.o(i.dma_periph_and_channel_check) for dma_periph_and_channel_check
[...]
    head_handle                              0x20000084   Data           4  dr_button_reg.o(.data)
    .data                                    0x20000088   Section       16  led.o(.data)
    GPIO_PORT                                0x20000088   Data           8  led.o(.data)
    GPIO_PIN                                 0x20000090   Data           8  led.o(.data)
    .data                                    0x20000098   Section       85  work.o(.data)
    KEY_PORT                                 0x20000098   Data          16  work.o(.data)
    KEY_PIN                                  0x200000a8   Data          16  work.o(.data)
    GPIO_PORT                                0x200000b8   Data           8  work.o(.data)
    GPIO_PIN                                 0x200000c0   Data           8  work.o(.data)
    RELAY_GPIO_PORT                          0x200000c8   Data          12  work.o(.data)
    RELAY_GPIO_PIN                           0x200000d4   Data          12  work.o(.data)
    led1                                     0x200000e0   Data           1  work.o(.data)
    sensor_status                            0x200000e9   Data           4  work.o(.data)
    .data                                    0x200000f0   Section       77  rtc.o(.data)
    current_state                            0x200000f0   Data           1  rtc.o(.data)
    KEY_PORT                                 0x200000f4   Data          16  rtc.o(.data)
    KEY_PIN                                  0x20000104   Data          16  rtc.o(.data)
    GPIO_PORT                                0x20000114   Data           8  rtc.o(.data)
    GPIO_PIN                                 0x2000011c   Data           8  rtc.o(.data)
    RELAY_GPIO_PORT                          0x20000124   Data          12  rtc.o(.data)
    RELAY_GPIO_PIN                           0x20000130   Data          12  rtc.o(.data)
    .data                                    0x2000013d   Section       13  input.o(.data)
    initialized                              0x2000013d   Data           1  input.o(.data)
    raw_last                                 0x2000013e   Data           4  input.o(.data)
    stable                                   0x20000142   Data           4  input.o(.data)
    cnt                                      0x20000146   Data           4  input.o(.data)
    .data                                    0x2000014a   Section        4  adc.o(.data)
    .data                                    0x20000150   Section       86  modbus.o(.data)
    current_state                            0x20000150   Data           1  modbus.o(.data)
    KEY_PORT                                 0x20000154   Data          16  modbus.o(.data)
    KEY_PIN                                  0x20000164   Data          16  modbus.o(.data)
    GPIO_PORT                                0x20000174   Data           8  modbus.o(.data)
    GPIO_PIN                                 0x2000017c   Data           8  modbus.o(.data)
    RELAY_GPIO_PORT                          0x20000184   Data          12  modbus.o(.data)
    RELAY_GPIO_PIN                           0x20000190   Data          12  modbus.o(.data)
    .data                                    0x200001a8   Section       52  elog.o(.data)
    level_output_info                        0x200001a8   Data          24  elog.o(.data)
    color_output_info                        0x200001c0   Data          24  elog.o(.data)
    .data                                    0x200001dc   Section      181  mb.o(.data)
    ucMBAddress                              0x200001dc   Data           1  mb.o(.data)
    eMBCurrentMode                           0x200001dd   Data           1  mb.o(.data)
    eMBState                                 0x200001de   Data           1  mb.o(.data)
    peMBFrameSendCur                         0x200001e0   Data           4  mb.o(.data)
    pvMBFrameStartCur                        0x200001e4   Data           4  mb.o(.data)
    pvMBFrameStopCur                         0x200001e8   Data           4  mb.o(.data)
    peMBFrameReceiveCur                      0x200001ec   Data           4  mb.o(.data)
    pvMBFrameCloseCur                        0x200001f0   Data           4  mb.o(.data)
    xFuncHandlers                            0x20000208   Data         128  mb.o(.data)
    ucMBFrame                                0x20000288   Data           4  mb.o(.data)
    ucRcvAddress                             0x2000028c   Data           1  mb.o(.data)
    ucFunctionCode                           0x2000028d   Data           1  mb.o(.data)
    usLength                                 0x2000028e   Data           2  mb.o(.data)
    eException                               0x20000290   Data           1  mb.o(.data)
    .data                                    0x20000292   Section        2  mbfuncother.o(.data)
    usMBSlaveIDLen                           0x20000292   Data           2  mbfuncother.o(.data)
    .data                                    0x20000294   Section       12  mbrtu.o(.data)
    eSndState                                0x20000294   Data           1  mbrtu.o(.data)
    eRcvState                                0x20000295   Data           1  mbrtu.o(.data)
    pucSndBufferCur                          0x20000298   Data           4  mbrtu.o(.data)
    usSndBufferCount                         0x2000029c   Data           2  mbrtu.o(.data)
    usRcvBufferPos                           0x2000029e   Data           2  mbrtu.o(.data)
    .data                                    0x200002a0   Section        2  portevent.o(.data)
    eQueuedEvent                             0x200002a0   Data           1  portevent.o(.data)
    xEventInQueue                            0x200002a1   Data           1  portevent.o(.data)
    .data                                    0x200002a4   Section        4  stderr.o(.data)
    .data                                    0x200002a8   Section        4  stdout.o(.data)
    .data                                    0x200002ac   Section        4  mvars.o(.data)
    .data                                    0x200002b0   Section        4  mvars.o(.data)
    .data                                    0x200002b4   Section        4  errno.o(.data)
    _errno                                   0x200002b4   Data           4  errno.o(.data)
    .bss                                     0x200002b8   Section     9616  uart.o(.bss)
    .bss                                     0x20002848   Section       16  button.o(.bss)
    .bss                                     0x20002858   Section       40  dr_button_api.o(.bss)
    key1                                     0x20002858   Data          20  dr_button_api.o(.bss)
    key2                                     0x2000286c   Data          20  dr_button_api.o(.bss)
    .bss                                     0x20002880   Section       16  timer.o(.bss)
    .bss                                     0x20002890   Section       96  work.o(.bss)
    .bss                                     0x200028f0   Section       12  ntc.o(.bss)
    .bss                                     0x200028fc   Section       16  modbus.o(.bss)
    .bss                                     0x2000290c   Section     1272  elog.o(.bss)
    elog                                     0x2000290c   Data         248  elog.o(.bss)
    log_buf                                  0x20002a04   Data        1024  elog.o(.bss)
    .bss                                     0x20002e04   Section       32  mbfuncother.o(.bss)
    ucMBSlaveID                              0x20002e04   Data          32  mbfuncother.o(.bss)
    .bss                                     0x20002e24   Section      256  mbrtu.o(.bss)
    HEAP                                     0x20002f28   Section     8192  startup_gd32f30x_hd.o(HEAP)
    STACK                                    0x20004f28   Section     2048  startup_gd32f30x_hd.o(STACK)

    Global Symbols

    Symbol Name                              Value     Ov Type        Size  Object(Section)

    BuildAttributes$$THM_ISAv4$E$P$D$K$B$S$7EM$VFPi3$EXTD16$VFPS$VFMA$PE$A:L22UL41UL21$X:L11$S22US41US21$IEEE1$IW$USESV6$~STKCKD$USESV7$~SHL$OTIME$ROPI$IEEEX$EBA8$MICROLIB$REQ8$PRES8$EABIv2 0x00000000   Number         0  anon$$obj.o ABSOLUTE
    __ARM_use_no_argv                        0x00000000   Number         0  main.o ABSOLUTE
    _printf_a                                0x00000000   Number         0  stubs.o ABSOLUTE
    _printf_c                                0x00000000   Number         0  stubs.o ABSOLUTE
    _printf_charcount                        0x00000000   Number         0  stubs.o ABSOLUTE
    _printf_d                                0x00000000   Number         0  stubs.o ABSOLUTE
    _printf_e                                0x00000000   Number         0  stubs.o ABSOLUTE
    _printf_f                                0x00000000   Number         0  stubs.o ABSOLUTE
    _printf_flags                            0x00000000   Number         0  stubs.o ABSOLUTE
    _printf_fp_dec                           0x00000000   Number         0  stubs.o ABSOLUTE
    _printf_fp_hex                           0x00000000   Number         0  stubs.o ABSOLUTE
    _printf_g                                0x00000000   Number         0  stubs.o ABSOLUTE
    _printf_i                                0x00000000   Number         0  stubs.o ABSOLUTE
    _printf_int_dec                          0x00000000   Number         0  stubs.o ABSOLUTE
    _printf_l                                0x00000000   Number         0  stubs.o ABSOLUTE
    _printf_lc                               0x00000000   Number         0  stubs.o ABSOLUTE
    _printf_ll                               0x00000000   Number         0  stubs.o ABSOLUTE
    _printf_lld                              0x00000000   Number         0  stubs.o ABSOLUTE
    _printf_lli                              0x00000000   Number         0  stubs.o ABSOLUTE
    _printf_llo                              0x00000000   Number         0  stubs.o ABSOLUTE
    _printf_llu                              0x00000000   Number         0  stubs.o ABSOLUTE
    _printf_llx                              0x00000000   Number         0  stubs.o ABSOLUTE
    _printf_longlong_dec                     0x00000000   Number         0  stubs.o ABSOLUTE
    _printf_longlong_hex                     0x00000000   Number         0  stubs.o ABSOLUTE
    _printf_longlong_oct                     0x00000000   Number         0  stubs.o ABSOLUTE
    _printf_ls                               0x00000000   Number         0  stubs.o ABSOLUTE
    _printf_mbtowc                           0x00000000   Number         0  stubs.o ABSOLUTE
    _printf_n                                0x00000000   Number         0  stubs.o ABSOLUTE
    _printf_o                                0x00000000   Number         0  stubs.o ABSOLUTE
    _printf_p                                0x00000000   Number         0  stubs.o ABSOLUTE
    _printf_percent                          0x00000000   Number         0  stubs.o ABSOLUTE
    _printf_pre_padding                      0x00000000   Number         0  stubs.o ABSOLUTE
    _printf_return_value                     0x00000000   Number         0  stubs.o ABSOLUTE
    _printf_s                                0x00000000   Number         0  stubs.o ABSOLUTE
    _printf_sizespec                         0x00000000   Number         0  stubs.o ABSOLUTE
    _printf_str                              0x00000000   Number         0  stubs.o ABSOLUTE
    _printf_truncate_signed                  0x00000000   Number         0  stubs.o ABSOLUTE
    _printf_truncate_unsigned                0x00000000   Number         0  stubs.o ABSOLUTE
    _printf_u                                0x00000000   Number         0  stubs.o ABSOLUTE
    _printf_wc                               0x00000000   Number         0  stubs.o ABSOLUTE
    _printf_wctomb                           0x00000000   Number         0  stubs.o ABSOLUTE
    _printf_widthprec                        0x00000000   Number         0  stubs.o ABSOLUTE
    _printf_x                                0x00000000   Number         0  stubs.o ABSOLUTE
    __arm_fini_                               - Undefined Weak Reference
    __cpp_initialize__aeabi_                  - Undefined Weak Reference
    __cxa_finalize                            - Undefined Weak Reference
    _clock_init                               - Undefined Weak Reference
    _microlib_exit                            - Undefined Weak Reference
    __Vectors_Size                           0x00000130   Number         0  startup_gd32f30x_hd.o ABSOLUTE
    __Vectors                                0x08000000   Data           4  startup_gd32f30x_hd.o(RESET)
    __Vectors_End                            0x08000130   Data           0  startup_gd32f30x_hd.o(RESET)
    __main                                   0x08000131   Thumb Code     0  entry.o(.ARM.Collect$$$$00000000)
    _main_stk                                0x08000131   Thumb Code     0  entry2.o(.ARM.Collect$$$$00000001)
    _main_scatterload                        0x08000135   Thumb Code     0  entry5.o(.ARM.Collect$$$$00000004)
    __main_after_scatterload                 0x08000139   Thumb Code     0  entry5.o(.ARM.Collect$$$$00000004)
    _main_clock                              0x08000139   Thumb Code     0  entry7b.o(.ARM.Collect$$$$00000008)
    _main_cpp_init                           0x08000139   Thumb Code     0  entry8b.o(.ARM.Collect$$$$0000000A)
    _main_init                               0x08000139   Thumb Code     0  entry9a.o(.ARM.Collect$$$$0000000B)
    __rt_lib_shutdown_fini                   0x08000141   Thumb Code     0  entry12b.o(.ARM.Collect$$$$0000000E)
    __rt_final_cpp                           0x08000145   Thumb Code     0  entry10a.o(.ARM.Collect$$$$0000000F)
    __rt_final_exit                          0x08000145   Thumb Code     0  entry11a.o(.ARM.Collect$$$$00000011)
    Reset_Handler                            0x08000149   Thumb Code     8  startup_gd32f30x_hd.o(.text)
    ADC0_1_IRQHandler                        0x08000163   Thumb Code     0  startup_gd32f30x_hd.o(.text)
    ADC2_IRQHandler                          0x08000163   Thumb Code     0  startup_gd32f30x_hd.o(.text)
    CAN0_EWMC_IRQHandler                     0x08000163   Thumb Code     0  startup_gd32f30x_hd.o(.text)
    CAN0_RX1_IRQHandler                      0x08000163   Thumb Code     0  startup_gd32f30x_hd.o(.text)
    DMA0_Channel0_IRQHandler                 0x08000163   Thumb Code     0  startup_gd32f30x_hd.o(.text)
    DMA0_Channel2_IRQHandler                 0x08000163   Thumb Code     0  startup_gd32f30x_hd.o(.text)
    DMA0_Channel4_IRQHandler                 0x08000163   Thumb Code     0  startup_gd32f30x_hd.o(.text)
    DMA0_Channel5_IRQHandler                 0x08000163   Thumb Code     0  startup_gd32f30x_hd.o(.text)
    DMA1_Channel0_IRQHandler                 0x08000163   Thumb Code     0  startup_gd32f30x_hd.o(.text)
    DMA1_Channel1_IRQHandler                 0x08000163   Thumb Code     0  startup_gd32f30x_hd.o(.text)
    DMA1_Channel2_IRQHandler                 0x08000163   Thumb Code     0  startup_gd32f30x_hd.o(.text)
    EXMC_IRQHandler                          0x08000163   Thumb Code     0  startup_gd32f30x_hd.o(.text)
    EXTI0_IRQHandler                         0x08000163   Thumb Code     0  startup_gd32f30x_hd.o(.text)
    EXTI10_15_IRQHandler                     0x08000163   Thumb Code     0  startup_gd32f30x_hd.o(.text)
    EXTI1_IRQHandler                         0x08000163   Thumb Code     0  startup_gd32f30x_hd.o(.text)
    EXTI2_IRQHandler                         0x08000163   Thumb Code     0  startup_gd32f30x_hd.o(.text)
    EXTI3_IRQHandler                         0x08000163   Thumb Code     0  startup_gd32f30x_hd.o(.text)
    EXTI4_IRQHandler                         0x08000163   Thumb Code     0  startup_gd32f30x_hd.o(.text)
    EXTI5_9_IRQHandler                       0x08000163   Thumb Code     0  startup_gd32f30x_hd.o(.text)
    FMC_IRQHandler                           0x08000163   Thumb Code     0  startup_gd32f30x_hd.o(.text)
    I2C0_ER_IRQHandler                       0x08000163   Thumb Code     0  startup_gd32f30x_hd.o(.text)
    I2C0_EV_IRQHandler                       0x08000163   Thumb Code     0  startup_gd32f30x_hd.o(.text)
    I2C1_ER_IRQHandler                       0x08000163   Thumb Code     0  startup_gd32f30x_hd.o(.text)
    I2C1_EV_IRQHandler                       0x08000163   Thumb Code     0  startup_gd32f30x_hd.o(.text)
    LVD_IRQHandler                           0x08000163   Thumb Code     0  startup_gd32f30x_hd.o(.text)
    RCU_CTC_IRQHandler                       0x08000163   Thumb Code     0  startup_gd32f30x_hd.o(.text)
    RTC_Alarm_IRQHandler                     0x08000163   Thumb Code     0  startup_gd32f30x_hd.o(.text)
    SDIO_IRQHandler                          0x08000163   Thumb Code     0  startup_gd32f30x_hd.o(.text)
    SPI0_IRQHandler                          0x08000163   Thumb Code     0  startup_gd32f30x_hd.o(.text)
    SPI1_IRQHandler                          0x08000163   Thumb Code     0  startup_gd32f30x_hd.o(.text)
    SPI2_IRQHandler                          0x08000163   Thumb Code     0  startup_gd32f30x_hd.o(.text)
    TAMPER_IRQHandler                        0x08000163   Thumb Code     0  startup_gd32f30x_hd.o(.text)
    TIMER0_BRK_IRQHandler                    0x08000163   Thumb Code     0  startup_gd32f30x_hd.o(.text)
    TIMER0_Channel_IRQHandler                0x08000163   Thumb Code     0  startup_gd32f30x_hd.o(.text)
    TIMER0_TRG_CMT_IRQHandler                0x08000163   Thumb Code     0  startup_gd32f30x_hd.o(.text)
    TIMER0_UP_IRQHandler                     0x08000163   Thumb Code     0  startup_gd32f30x_hd.o(.text)
    TIMER1_IRQHandler                        0x08000163   Thumb Code     0  startup_gd32f30x_hd.o(.text)
    TIMER2_IRQHandler                        0x08000163   Thumb Code     0  startup_gd32f30x_hd.o(.text)
    TIMER4_IRQHandler                        0x08000163   Thumb Code     0  startup_gd32f30x_hd.o(.text)
    TIMER5_IRQHandler                        0x08000163   Thumb Code     0  startup_gd32f30x_hd.o(.text)
    TIMER7_BRK_IRQHandler                    0x08000163   Thumb Code     0  startup_gd32f30x_hd.o(.text)
    TIMER7_Channel_IRQHandler                0x08000163   Thumb Code     0  startup_gd32f30x_hd.o(.text)
    TIMER7_TRG_CMT_IRQHandler                0x08000163   Thumb Code     0  startup_gd32f30x_hd.o(.text)
    TIMER7_UP_IRQHandler                     0x08000163   Thumb Code     0  startup_gd32f30x_hd.o(.text)
    UART4_IRQHandler                         0x08000163   Thumb Code     0  startup_gd32f30x_hd.o(.text)
    USBD_HP_CAN0_TX_IRQHandler               0x08000163   Thumb Code     0  startup_gd32f30x_hd.o(.text)
    USBD_LP_CAN0_RX0_IRQHandler              0x08000163   Thumb Code     0  startup_gd32f30x_hd.o(.text)
    USBD_WKUP_IRQHandler                     0x08000163   Thumb Code     0  startup_gd32f30x_hd.o(.text)
    WWDGT_IRQHandler                         0x08000163   Thumb Code     0  startup_gd32f30x_hd.o(.text)
    __aeabi_memcpy                           0x0800016d   Thumb Code    36  memcpya.o(.text)
    __aeabi_memcpy4                          0x0800016d   Thumb Code     0  memcpya.o(.text)
    __aeabi_memcpy8                          0x0800016d   Thumb Code     0  memcpya.o(.text)
    __aeabi_memset                           0x08000191   Thumb Code    14  memseta.o(.text)
    __aeabi_memset4                          0x08000191   Thumb Code     0  memseta.o(.text)
    __aeabi_memset8                          0x08000191   Thumb Code     0  memseta.o(.text)
    __aeabi_memclr                           0x0800019f   Thumb Code     4  memseta.o(.text)
    __aeabi_memclr4                          0x0800019f   Thumb Code     0  memseta.o(.text)
    __aeabi_memclr8                          0x0800019f   Thumb Code     0  memseta.o(.text)
    _memset$wrapper                          0x080001a3   Thumb Code    18  memseta.o(.text)
    strstr                                   0x080001b5   Thumb Code    36  strstr.o(.text)
    strlen                                   0x080001d9   Thumb Code    14  strlen.o(.text)
    strncmp                                  0x080001e7   Thumb Code    30  strncmp.o(.text)
    __aeabi_ddiv                             0x08000205   Thumb Code   222  ddiv.o(.text)
    __aeabi_f2d                              0x080002e3   Thumb Code    38  f2d.o(.text)
    __aeabi_d2f                              0x08000309   Thumb Code    56  d2f.o(.text)
    __aeabi_uidiv                            0x08000341   Thumb Code     0  uidiv.o(.text)
    __aeabi_uidivmod                         0x08000341   Thumb Code    44  uidiv.o(.text)
    __aeabi_uldivmod                         0x0800036d   Thumb Code    98  uldiv.o(.text)
    __I$use$fp                               0x080003cf   Thumb Code     0  iusefp.o(.text)
    _float_round                             0x080003cf   Thumb Code    18  fepilogue.o(.text)
    _float_epilogue                          0x080003e1   Thumb Code    92  fepilogue.o(.text)
    _double_round                            0x0800043d   Thumb Code    30  depilogue.o(.text)
    _double_epilogue                         0x0800045b   Thumb Code   156  depilogue.o(.text)
    __aeabi_dadd                             0x080004f7   Thumb Code   322  dadd.o(.text)
    __aeabi_dsub                             0x08000639   Thumb Code     6  dadd.o(.text)
    __aeabi_drsub                            0x0800063f   Thumb Code     6  dadd.o(.text)
    __aeabi_dmul                             0x08000645   Thumb Code   228  dmul.o(.text)
    __aeabi_i2d                              0x08000729   Thumb Code    34  dflti.o(.text)
    __aeabi_d2ulz                            0x0800074b   Thumb Code    48  dfixul.o(.text)
    __aeabi_cdcmpeq                          0x0800077d   Thumb Code     0  cdcmple.o(.text)
    __aeabi_cdcmple                          0x0800077d   Thumb Code    48  cdcmple.o(.text)
    __aeabi_cdrcmple                         0x080007ad   Thumb Code    48  cdrcmple.o(.text)
    __scatterload                            0x080007dd   Thumb Code    28  init.o(.text)
    __scatterload_rt2                        0x080007dd   Thumb Code     0  init.o(.text)
    __aeabi_llsl                             0x08000801   Thumb Code    30  llshl.o(.text)
    _ll_shift_l                              0x08000801   Thumb Code     0  llshl.o(.text)
    __aeabi_llsr                             0x0800081f   Thumb Code    32  llushr.o(.text)
    _ll_ushift_r                             0x0800081f   Thumb Code     0  llushr.o(.text)
    __aeabi_lasr                             0x0800083f   Thumb Code    36  llsshr.o(.text)
    _ll_sshift_r                             0x0800083f   Thumb Code     0  llsshr.o(.text)
    __decompress                             0x08000863   Thumb Code     0  __dczerorl2.o(.text)
    __decompress1                            0x08000863   Thumb Code    86  __dczerorl2.o(.text)
    BusFault_Handler                         0x080008b9   Thumb Code     4  gd32f30x_it.o(i.BusFault_Handler)
    Button_gpio_init                         0x080008bd   Thumb Code    40  button.o(i.Button_gpio_init)
    DMA0_Channel1_IRQHandler                 0x080008e9   Thumb Code   100  uart.o(i.DMA0_Channel1_IRQHandler)
    DMA0_Channel3_IRQHandler                 0x0800095d   Thumb Code   100  uart.o(i.DMA0_Channel3_IRQHandler)
    DMA0_Channel6_IRQHandler                 0x080009d1   Thumb Code   100  uart.o(i.DMA0_Channel6_IRQHandler)
    DMA1_Channel3_4_IRQHandler               0x08000a45   Thumb Code    26  uart.o(i.DMA1_Channel3_4_IRQHandler)
    DR_Key_Init                              0x08000a65   Thumb Code    32  dr_button_api.o(i.DR_Key_Init)
    DebugMon_Handler                         0x08000a9d   Thumb Code     2  gd32f30x_it.o(i.DebugMon_Handler)
    Get_Key1                                 0x08000aa1   Thumb Code    12  dr_button_api.o(i.Get_Key1)
    Get_Key2                                 0x08000ab1   Thumb Code    12  dr_button_api.o(i.Get_Key2)
    HardFault_Handler                        0x08000ac1   Thumb Code     4  gd32f30x_it.o(i.HardFault_Handler)
    Key_Tick                                 0x08000b05   Thumb Code     8  dr_button_api.o(i.Key_Tick)
    LED_ON                                   0x08000b0d   Thumb Code    16  led.o(i.LED_ON)
    MemManage_Handler                        0x08000b25   Thumb Code     4  gd32f30x_it.o(i.MemManage_Handler)
    NMI_Handler                              0x08000b29   Thumb Code     2  gd32f30x_it.o(i.NMI_Handler)
    NTC_Init                                 0x08000b2d   Thumb Code    18  ntc.o(i.NTC_Init)
    NTC_Read                                 0x08000b49   Thumb Code   322  ntc.o(i.NTC_Read)
    Output_task                              0x08000d25   Thumb Code    50  input.o(i.Output_task)
    PendSV_Handler                           0x08000d61   Thumb Code     2  gd32f30x_it.o(i.PendSV_Handler)
    RTC_IRQHandler                           0x08000d65   Thumb Code    28  rtc.o(i.RTC_IRQHandler)
    SVC_Handler                              0x08000dcd   Thumb Code     2  gd32f30x_it.o(i.SVC_Handler)
    SysTick_Handler                          0x08000dd1   Thumb Code    86  gd32f30x_it.o(i.SysTick_Handler)
    SystemInit                               0x08000e31   Thumb Code   156  system_gd32f30x.o(i.SystemInit)
    TIMER3_IRQHandler                        0x08000ed9   Thumb Code    28  porttimer.o(i.TIMER3_IRQHandler)
    TIMER6_IRQHandler                        0x08000ef9   Thumb Code    74  button.o(i.TIMER6_IRQHandler)
    UART3_IRQHandler                         0x08000f65   Thumb Code    70  portserial.o(i.UART3_IRQHandler)
    USART0_IRQHandler                        0x08000fbd   Thumb Code    66  uart.o(i.USART0_IRQHandler)
    USART1_IRQHandler                        0x08001011   Thumb Code    84  uart.o(i.USART1_IRQHandler)
    USART2_IRQHandler                        0x08001075   Thumb Code    84  uart.o(i.USART2_IRQHandler)
    UsageFault_Handler                       0x080010d9   Thumb Code     4  gd32f30x_it.o(i.UsageFault_Handler)
    __0printf                                0x080010dd   Thumb Code    22  printfa.o(i.__0printf)
    __1printf                                0x080010dd   Thumb Code     0  printfa.o(i.__0printf)
    __2printf                                0x080010dd   Thumb Code     0  printfa.o(i.__0printf)
    __c89printf                              0x080010dd   Thumb Code     0  printfa.o(i.__0printf)
    printf                                   0x080010dd   Thumb Code     0  printfa.o(i.__0printf)
    __0snprintf                              0x080010fd   Thumb Code    48  printfa.o(i.__0snprintf)
    __1snprintf                              0x080010fd   Thumb Code     0  printfa.o(i.__0snprintf)
    __2snprintf                              0x080010fd   Thumb Code     0  printfa.o(i.__0snprintf)
    __c89snprintf                            0x080010fd   Thumb Code     0  printfa.o(i.__0snprintf)
    snprintf                                 0x080010fd   Thumb Code     0  printfa.o(i.__0snprintf)
    __0vsnprintf                             0x08001131   Thumb Code    46  printfa.o(i.__0vsnprintf)
    __1vsnprintf                             0x08001131   Thumb Code     0  printfa.o(i.__0vsnprintf)
    __2vsnprintf                             0x08001131   Thumb Code     0  printfa.o(i.__0vsnprintf)
    __c89vsnprintf                           0x08001131   Thumb Code     0  printfa.o(i.__0vsnprintf)
    vsnprintf                                0x08001131   Thumb Code     0  printfa.o(i.__0vsnprintf)
    __aeabi_assert                           0x08001165   Thumb Code   110  retarget_io.o(i.__aeabi_assert)
    __hardfp_log                             0x08001201   Thumb Code   872  log.o(i.__hardfp_log)
    __kernel_poly                            0x080015c5   Thumb Code   248  poly.o(i.__kernel_poly)
    __mathlib_dbl_divzero                    0x080016c1   Thumb Code    28  dunder.o(i.__mathlib_dbl_divzero)
    __mathlib_dbl_infnan                     0x080016f1   Thumb Code    20  dunder.o(i.__mathlib_dbl_infnan)
    __mathlib_dbl_invalid                    0x08001709   Thumb Code    24  dunder.o(i.__mathlib_dbl_invalid)
    __scatterload_copy                       0x08001729   Thumb Code    14  handlers.o(i.__scatterload_copy)
    __scatterload_null                       0x08001737   Thumb Code     2  handlers.o(i.__scatterload_null)
    __scatterload_zeroinit                   0x08001739   Thumb Code    14  handlers.o(i.__scatterload_zeroinit)
    __set_errno                              0x08001749   Thumb Code     6  errno.o(i.__set_errno)
    abort                                    0x08001ff5   Thumb Code     4  retarget_io.o(i.abort)
    adc0_config                              0x08001ff9   Thumb Code   260  adc.o(i.adc0_config)
    adc_calibration_enable                   0x0800210d   Thumb Code    42  gd32f30x_adc.o(i.adc_calibration_enable)
    adc_channel_length_config                0x08002137   Thumb Code    70  gd32f30x_adc.o(i.adc_channel_length_config)
    adc_data_alignment_config                0x0800217d   Thumb Code    22  gd32f30x_adc.o(i.adc_data_alignment_config)
    adc_dma_mode_enable                      0x08002193   Thumb Code    10  gd32f30x_adc.o(i.adc_dma_mode_enable)
    adc_enable                               0x0800219d   Thumb Code    18  gd32f30x_adc.o(i.adc_enable)
    adc_external_trigger_config              0x080021af   Thumb Code    62  gd32f30x_adc.o(i.adc_external_trigger_config)
    adc_external_trigger_source_config       0x080021ed   Thumb Code    48  gd32f30x_adc.o(i.adc_external_trigger_source_config)
    adc_mode_config                          0x0800221d   Thumb Code    22  gd32f30x_adc.o(i.adc_mode_config)
    adc_regular_channel_config               0x08002239   Thumb Code   172  gd32f30x_adc.o(i.adc_regular_channel_config)
    adc_software_trigger_enable              0x080022e5   Thumb Code    30  gd32f30x_adc.o(i.adc_software_trigger_enable)
    adc_special_function_config              0x08002303   Thumb Code    90  gd32f30x_adc.o(i.adc_special_function_config)
    add_task                                 0x0800235d   Thumb Code    90  work.o(i.add_task)
    add_task_with_param                      0x080023bd   Thumb Code   100  work.o(i.add_task_with_param)
    button_attach                            0x08002425   Thumb Code    50  dr_button_reg.o(i.button_attach)
    button_handler                           0x08002457   Thumb Code   582  dr_button_reg.o(i.button_handler)
    button_init                              0x0800269d   Thumb Code     8  dr_button_reg.o(i.button_init)
    button_start                             0x080026a9   Thumb Code    38  dr_button_reg.o(i.button_start)
    button_ticks                             0x080026d5   Thumb Code    22  dr_button_reg.o(i.button_ticks)
    delay_1ms                                0x080026f1   Thumb Code    16  systick.o(i.delay_1ms)
    delay_decrement                          0x08002705   Thumb Code    18  systick.o(i.delay_decrement)
    dequeue                                  0x0800271d   Thumb Code    82  uart.o(i.dequeue)
    dial_init                                0x08002771   Thumb Code    44  dial.o(i.dial_init)
    dma_channel_disable                      0x080027a1   Thumb Code    50  gd32f30x_dma.o(i.dma_channel_disable)
    dma_channel_enable                       0x080027d3   Thumb Code    50  gd32f30x_dma.o(i.dma_channel_enable)
    dma_circulation_disable                  0x08002805   Thumb Code    50  gd32f30x_dma.o(i.dma_circulation_disable)
    dma_circulation_enable                   0x08002837   Thumb Code    50  gd32f30x_dma.o(i.dma_circulation_enable)
    dma_deinit                               0x08002869   Thumb Code   112  gd32f30x_dma.o(i.dma_deinit)
    dma_flag_clear                           0x080028d9   Thumb Code    16  gd32f30x_dma.o(i.dma_flag_clear)
    dma_init                                 0x080028e9   Thumb Code   302  gd32f30x_dma.o(i.dma_init)
    dma_interrupt_enable                     0x08002a17   Thumb Code    50  gd32f30x_dma.o(i.dma_interrupt_enable)
    dma_interrupt_flag_clear                 0x08002a49   Thumb Code    16  gd32f30x_dma.o(i.dma_interrupt_flag_clear)
    dma_interrupt_flag_get                   0x08002a59   Thumb Code   130  gd32f30x_dma.o(i.dma_interrupt_flag_get)
    dma_memory_address_config                0x08002adb   Thumb Code    36  gd32f30x_dma.o(i.dma_memory_address_config)
    dma_memory_to_memory_disable             0x08002aff   Thumb Code    50  gd32f30x_dma.o(i.dma_memory_to_memory_disable)
    dma_struct_para_init                     0x08002b49   Thumb Code    28  gd32f30x_dma.o(i.dma_struct_para_init)
    dma_transfer_number_config               0x08002b65   Thumb Code    38  gd32f30x_dma.o(i.dma_transfer_number_config)
    dma_transfer_number_get                  0x08002b8b   Thumb Code    34  gd32f30x_dma.o(i.dma_transfer_number_get)
    eMBEnable                                0x08002bad   Thumb Code    32  mb.o(i.eMBEnable)
    eMBFuncReadCoils                         0x08002bd5   Thumb Code   166  mbfunccoils.o(i.eMBFuncReadCoils)
    eMBFuncReadDiscreteInputs                0x08002c7b   Thumb Code   164  mbfuncdisc.o(i.eMBFuncReadDiscreteInputs)
    eMBFuncReadHoldingRegister               0x08002d1f   Thumb Code   132  mbfuncholding.o(i.eMBFuncReadHoldingRegister)
    eMBFuncReadInputRegister                 0x08002da3   Thumb Code   132  mbfuncinput.o(i.eMBFuncReadInputRegister)
    eMBFuncReadWriteMultipleHoldingRegister  0x08002e27   Thumb Code   212  mbfuncholding.o(i.eMBFuncReadWriteMultipleHoldingRegister)
    eMBFuncReportSlaveID                     0x08002efd   Thumb Code    30  mbfuncother.o(i.eMBFuncReportSlaveID)
    eMBFuncWriteCoil                         0x08002f25   Thumb Code   108  mbfunccoils.o(i.eMBFuncWriteCoil)
    eMBFuncWriteHoldingRegister              0x08002f91   Thumb Code    62  mbfuncholding.o(i.eMBFuncWriteHoldingRegister)
    eMBFuncWriteMultipleCoils                0x08002fcf   Thumb Code   142  mbfunccoils.o(i.eMBFuncWriteMultipleCoils)
    eMBFuncWriteMultipleHoldingRegister      0x0800305d   Thumb Code   106  mbfuncholding.o(i.eMBFuncWriteMultipleHoldingRegister)
    eMBInit                                  0x080030c9   Thumb Code   150  mb.o(i.eMBInit)
    eMBPoll                                  0x080031a9   Thumb Code   268  mb.o(i.eMBPoll)
    eMBRTUInit                               0x080032e1   Thumb Code    76  mbrtu.o(i.eMBRTUInit)
    eMBRTUReceive                            0x08003331   Thumb Code    90  mbrtu.o(i.eMBRTUReceive)
    eMBRTUSend                               0x080033dd   Thumb Code   146  mbrtu.o(i.eMBRTUSend)
    eMBRTUStart                              0x08003485   Thumb Code    22  mbrtu.o(i.eMBRTUStart)
    eMBRTUStop                               0x080034a1   Thumb Code    16  mbrtu.o(i.eMBRTUStop)
    eMBRegCoilsCB                            0x080034b1   Thumb Code   146  modbus.o(i.eMBRegCoilsCB)
    eMBRegDiscreteCB                         0x08003549   Thumb Code    90  modbus.o(i.eMBRegDiscreteCB)
    eMBRegHoldingCB                          0x080035a9   Thumb Code   114  modbus.o(i.eMBRegHoldingCB)
    eMBRegInputCB                            0x08003625   Thumb Code    62  modbus.o(i.eMBRegInputCB)
    elog_get_filter_tag_lvl                  0x0800366d   Thumb Code   162  elog.o(i.elog_get_filter_tag_lvl)
    elog_init                                0x08003775   Thumb Code    76  elog.o(i.elog_init)
    elog_output                              0x080037c5   Thumb Code   866  elog.o(i.elog_output)
    elog_output_lock                         0x08003bcd   Thumb Code    34  elog.o(i.elog_output_lock)
    elog_output_lock_enabled                 0x08003bf5   Thumb Code    60  elog.o(i.elog_output_lock_enabled)
    elog_output_unlock                       0x08003c35   Thumb Code    34  elog.o(i.elog_output_unlock)
    elog_port_get_p_info                     0x08003c5d   Thumb Code     4  elog_port.o(i.elog_port_get_p_info)
    elog_port_get_t_info                     0x08003c65   Thumb Code     4  elog_port.o(i.elog_port_get_t_info)
    elog_port_get_time                       0x08003c6d   Thumb Code     4  elog_port.o(i.elog_port_get_time)
    elog_port_init                           0x08003c75   Thumb Code     4  elog_port.o(i.elog_port_init)
    elog_port_output                         0x08003c79   Thumb Code    16  elog_port.o(i.elog_port_output)
    elog_port_output_lock                    0x08003c89   Thumb Code     2  elog_port.o(i.elog_port_output_lock)
    elog_port_output_unlock                  0x08003c8b   Thumb Code     2  elog_port.o(i.elog_port_output_unlock)
    elog_set_filter_lvl                      0x08003c8d   Thumb Code    76  elog.o(i.elog_set_filter_lvl)
    elog_set_fmt                             0x08003d81   Thumb Code    80  elog.o(i.elog_set_fmt)
    elog_set_output_enabled                  0x08003e3d   Thumb Code    82  elog.o(i.elog_set_output_enabled)
    elog_set_text_color_enabled              0x08003f09   Thumb Code    82  elog.o(i.elog_set_text_color_enabled)
    elog_start                               0x08003fd5   Thumb Code    46  elog.o(i.elog_start)
    elog_strcpy                              0x0800405d   Thumb Code   162  elog_utils.o(i.elog_strcpy)
    enqueue                                  0x0800415d   Thumb Code   128  uart.o(i.enqueue)
    ewma_filter_apply                        0x080041dd   Thumb Code    70  app_filter.o(i.ewma_filter_apply)
    ewma_filter_init                         0x08004225   Thumb Code    48  app_filter.o(i.ewma_filter_init)
    execute_state_machine                    0x08004259   Thumb Code   134  work.o(i.execute_state_machine)
    fputc                                    0x080042ed   Thumb Code    32  uart.o(i.fputc)
    fputs                                    0x08004311   Thumb Code    24  fputs.o(i.fputs)
    gd_eval_key_state_get                    0x08004329   Thumb Code    22  button.o(i.gd_eval_key_state_get)
    gd_eval_led_toggle                       0x08004349   Thumb Code    46  led.o(i.gd_eval_led_toggle)
    gpio_bit_write                           0x08004481   Thumb Code    10  gd32f30x_gpio.o(i.gpio_bit_write)
    gpio_init                                0x0800448b   Thumb Code   188  gd32f30x_gpio.o(i.gpio_init)
    gpio_input_bit_get                       0x08004547   Thumb Code    16  gd32f30x_gpio.o(i.gpio_input_bit_get)
    hw_init                                  0x08004559   Thumb Code   168  work.o(i.hw_init)
    init_task_queue                          0x08004609   Thumb Code    12  work.o(i.init_task_queue)
    led_init                                 0x08004619   Thumb Code    52  led.o(i.led_init)
    led_toggle_param                         0x08004651   Thumb Code    12  work.o(i.led_toggle_param)
    level_modbus_task                        0x0800465d   Thumb Code    10  work.o(i.level_modbus_task)
    level_sensor_init                        0x0800466d   Thumb Code    26  input.o(i.level_sensor_init)
    level_sensor_read                        0x0800468d   Thumb Code   274  input.o(i.level_sensor_read)
    main                                     0x080047b9   Thumb Code    24  main.o(i.main)
    malloc                                   0x080047d1   Thumb Code    92  malloc.o(i.malloc)
    memory_allocation_failed                 0x0800483d   Thumb Code    10  work.o(i.memory_allocation_failed)
    nvic_irq_enable                          0x08004849   Thumb Code   186  gd32f30x_misc.o(i.nvic_irq_enable)
    nvic_priority_group_set                  0x0800490d   Thumb Code    10  gd32f30x_misc.o(i.nvic_priority_group_set)
    output_gpio_init                         0x08004921   Thumb Code    54  input.o(i.output_gpio_init)
    prveMBError2Exception                    0x0800495d   Thumb Code    34  mbutils.o(i.prveMBError2Exception)
    rcu_adc_clock_config                     0x080049b1   Thumb Code    98  gd32f30x_rcu.o(i.rcu_adc_clock_config)
    rcu_clock_freq_get                       0x08004a1d   Thumb Code   310  gd32f30x_rcu.o(i.rcu_clock_freq_get)
    rcu_periph_clock_enable                  0x08004b75   Thumb Code    28  gd32f30x_rcu.o(i.rcu_periph_clock_enable)
    rcu_periph_reset_disable                 0x08004b95   Thumb Code    28  gd32f30x_rcu.o(i.rcu_periph_reset_disable)
    rcu_periph_reset_enable                  0x08004bb5   Thumb Code    28  gd32f30x_rcu.o(i.rcu_periph_reset_enable)
    rtc_flag_clear                           0x08004bd5   Thumb Code    12  gd32f30x_rtc.o(i.rtc_flag_clear)
    rtc_flag_get                             0x08004be5   Thumb Code    18  gd32f30x_rtc.o(i.rtc_flag_get)
    rtc_lwoff_wait                           0x08004bfd   Thumb Code    16  gd32f30x_rtc.o(i.rtc_lwoff_wait)
    scheduler                                0x08004c11   Thumb Code    58  work.o(i.scheduler)
    systick_config                           0x08004d6d   Thumb Code    74  systick.o(i.systick_config)
    task_init                                0x08004dbd   Thumb Code    58  work.o(i.task_init)
    temp_read_task                           0x08004e0d   Thumb Code    10  work.o(i.temp_read_task)
    timer3_config                            0x08004e1d   Thumb Code    94  timer.o(i.timer3_config)
    timer6_config                            0x08004e81   Thumb Code    96  button.o(i.timer6_config)
    timer_counter_value_config               0x08004ee5   Thumb Code     4  gd32f30x_timer.o(i.timer_counter_value_config)
    timer_deinit                             0x08004ee9   Thumb Code   210  gd32f30x_timer.o(i.timer_deinit)
    timer_disable                            0x08004fc5   Thumb Code    10  gd32f30x_timer.o(i.timer_disable)
    timer_enable                             0x08004fcf   Thumb Code    10  gd32f30x_timer.o(i.timer_enable)
    timer_init                               0x08004fd9   Thumb Code   122  gd32f30x_timer.o(i.timer_init)
    timer_interrupt_enable                   0x08005071   Thumb Code     8  gd32f30x_timer.o(i.timer_interrupt_enable)
    timer_interrupt_flag_clear               0x08005079   Thumb Code     6  gd32f30x_timer.o(i.timer_interrupt_flag_clear)
    timer_interrupt_flag_get                 0x0800507f   Thumb Code    24  gd32f30x_timer.o(i.timer_interrupt_flag_get)
    timer_struct_para_init                   0x08005097   Thumb Code    22  gd32f30x_timer.o(i.timer_struct_para_init)
    uart0_config                             0x080050ad   Thumb Code   162  uart.o(i.uart0_config)
    uart0_dma_init                           0x08005159   Thumb Code   212  uart.o(i.uart0_dma_init)
    uart0_dma_send                           0x08005239   Thumb Code    92  uart.o(i.uart0_dma_send)
    uart3_config                             0x080052a5   Thumb Code   136  uart.o(i.uart3_config)
    usMBCRC16                                0x08005335   Thumb Code    48  mbcrc.o(i.usMBCRC16)
    usart_baudrate_set                       0x0800536d   Thumb Code   136  gd32f30x_usart.o(i.usart_baudrate_set)
    usart_data_receive                       0x080053fd   Thumb Code    10  gd32f30x_usart.o(i.usart_data_receive)
    usart_data_transmit                      0x08005407   Thumb Code     8  gd32f30x_usart.o(i.usart_data_transmit)
    usart_deinit                             0x08005411   Thumb Code   136  gd32f30x_usart.o(i.usart_deinit)
    usart_dma_receive_config                 0x080054a1   Thumb Code    20  gd32f30x_usart.o(i.usart_dma_receive_config)
    usart_dma_transmit_config                0x080054b5   Thumb Code    20  gd32f30x_usart.o(i.usart_dma_transmit_config)
    usart_enable                             0x080054c9   Thumb Code    10  gd32f30x_usart.o(i.usart_enable)
    usart_flag_get                           0x080054d3   Thumb Code    30  gd32f30x_usart.o(i.usart_flag_get)
    usart_hardware_flow_cts_config           0x080054f1   Thumb Code    20  gd32f30x_usart.o(i.usart_hardware_flow_cts_config)
    usart_hardware_flow_rts_config           0x08005505   Thumb Code    20  gd32f30x_usart.o(i.usart_hardware_flow_rts_config)
    usart_interrupt_disable                  0x08005519   Thumb Code    26  gd32f30x_usart.o(i.usart_interrupt_disable)
    usart_interrupt_enable                   0x08005533   Thumb Code    26  gd32f30x_usart.o(i.usart_interrupt_enable)
    usart_interrupt_flag_clear               0x0800554d   Thumb Code    18  gd32f30x_usart.o(i.usart_interrupt_flag_clear)
    usart_interrupt_flag_get                 0x0800555f   Thumb Code    56  gd32f30x_usart.o(i.usart_interrupt_flag_get)
    usart_parity_config                      0x08005597   Thumb Code    16  gd32f30x_usart.o(i.usart_parity_config)
    usart_receive_config                     0x080055a7   Thumb Code    20  gd32f30x_usart.o(i.usart_receive_config)
    usart_stop_bit_set                       0x080055bb   Thumb Code    16  gd32f30x_usart.o(i.usart_stop_bit_set)
    usart_transmit_config                    0x080055cb   Thumb Code    20  gd32f30x_usart.o(i.usart_transmit_config)
    usart_word_length_set                    0x080055df   Thumb Code    16  gd32f30x_usart.o(i.usart_word_length_set)
    vMBPortSerialEnable                      0x080055f1   Thumb Code    60  portserial.o(i.vMBPortSerialEnable)
    vMBPortTimersDisable                     0x08005631   Thumb Code    10  porttimer.o(i.vMBPortTimersDisable)
    vMBPortTimersEnable                      0x08005641   Thumb Code    18  porttimer.o(i.vMBPortTimersEnable)
    xMBPortEventGet                          0x08005659   Thumb Code    26  portevent.o(i.xMBPortEventGet)
    xMBPortEventInit                         0x0800567d   Thumb Code    10  portevent.o(i.xMBPortEventInit)
    xMBPortEventPost                         0x0800568d   Thumb Code    16  portevent.o(i.xMBPortEventPost)
    xMBPortSerialGetByte                     0x080056a5   Thumb Code    16  portserial.o(i.xMBPortSerialGetByte)
    xMBPortSerialInit                        0x080056b9   Thumb Code    24  portserial.o(i.xMBPortSerialInit)
    xMBPortSerialPutByte                     0x080056d1   Thumb Code    30  portserial.o(i.xMBPortSerialPutByte)
    xMBPortTimersInit                        0x080056f5   Thumb Code    14  porttimer.o(i.xMBPortTimersInit)
    xMBRTUReceiveFSM                         0x08005705   Thumb Code   140  mbrtu.o(i.xMBRTUReceiveFSM)
    xMBRTUTimerT35Expired                    0x080057dd   Thumb Code    96  mbrtu.o(i.xMBRTUTimerT35Expired)
    xMBRTUTransmitFSM                        0x08005865   Thumb Code   116  mbrtu.o(i.xMBRTUTransmitFSM)
    xMBUtilGetBits                           0x08005925   Thumb Code    42  mbutils.o(i.xMBUtilGetBits)
    xMBUtilSetBits                           0x08005951   Thumb Code   104  mbutils.o(i.xMBUtilSetBits)
    __mathlib_zero                           0x08005d48   Data           8  qnan.o(.constdata)
    Region$$Table$$Base                      0x08005dfc   Number         0  anon$$obj.o(Region$$Table)
    Region$$Table$$Limit                     0x08005e1c   Number         0  anon$$obj.o(Region$$Table)
    SystemCoreClock                          0x20000004   Data           4  system_gd32f30x.o(.data)
    timer8_flag                              0x20000054   Data           1  button.o(.data)
    deviceRunState                           0x200000e1   Data           1  work.o(.data)
    current_state                            0x200000e2   Data           1  work.o(.data)
    state_machine                            0x200000e4   Data           4  work.o(.data)
    state_count                              0x200000e8   Data           1  work.o(.data)
    RTCIRQHandler_Flag                       0x2000013c   Data           1  rtc.o(.data)
    adc_val                                  0x2000014a   Data           2  adc.o(.data)
    adc_filter_val                           0x2000014c   Data           2  adc.o(.data)
    usRegInputBuf                            0x2000019c   Data           2  modbus.o(.data)
    usRegInputStart                          0x2000019e   Data           2  modbus.o(.data)
    usRegHoldingStart                        0x200001a0   Data           2  modbus.o(.data)
    ucRegCoilsBuf                            0x200001a2   Data           2  modbus.o(.data)
    ucRegDiscreteBuf                         0x200001a4   Data           2  modbus.o(.data)
    elog_assert_hook                         0x200001d8   Data           4  elog.o(.data)
    pxMBFrameCBByteReceived                  0x200001f4   Data           4  mb.o(.data)
    pxMBFrameCBTransmitterEmpty              0x200001f8   Data           4  mb.o(.data)
    pxMBPortCBTimerExpired                   0x200001fc   Data           4  mb.o(.data)
    pxMBFrameCBReceiveFSMCur                 0x20000200   Data           4  mb.o(.data)
    pxMBFrameCBTransmitFSMCur                0x20000204   Data           4  mb.o(.data)
    __stderr                                 0x200002a4   Data           4  stderr.o(.data)
    __stdout                                 0x200002a8   Data           4  stdout.o(.data)
    __microlib_freelist                      0x200002ac   Data           4  mvars.o(.data)
    __microlib_freelist_initialised          0x200002b0   Data           4  mvars.o(.data)
    uart0_struct                             0x200002b8   Data         460  uart.o(.bss)
    tx0_queue                                0x20000484   Data        2592  uart.o(.bss)
    uart1_struct                             0x20000ea4   Data         460  uart.o(.bss)
    tx1_queue                                0x20001070   Data        2592  uart.o(.bss)
    uart2_struct                             0x20001a90   Data         460  uart.o(.bss)
    tx2_queue                                0x20001c5c   Data        2592  uart.o(.bss)
    uart3_struct                             0x2000267c   Data         460  uart.o(.bss)
    key_val                                  0x20002848   Data          16  button.o(.bss)
    Timer                                    0x20002880   Data          16  timer.o(.bss)
    machine_state                            0x20002890   Data          84  work.o(.bss)
    task_queue                               0x200028e4   Data          12  work.o(.bss)
    ntc_filter                               0x200028f0   Data          12  ntc.o(.bss)
    usRegHoldingBuf                          0x200028fc   Data          16  modbus.o(.bss)
    ucRTUBuf                                 0x20002e24   Data         256  mbrtu.o(.bss)
    __heap_base                              0x20002f28   Data           0  startup_gd32f30x_hd.o(HEAP)
    __heap_limit                             0x20004f28   Data           0  startup_gd32f30x_hd.o(HEAP)
    __initial_sp                             0x20005728   Data           0  startup_gd32f30x_hd.o(STACK)



==============================================================================

Memory Map of the image

  Image Entry point : 0x08000131

  Load Region LR_IROM1 (Base: 0x08000000, Size: 0x000060d4, Max: 0x00040000, ABSOLUTE, COMPRESSED[0x00005eb8])

    Execution Region ER_IROM1 (Exec base: 0x08000000, Load base: 0x08000000, Size: 0x00005e1c, Max: 0x00040000, ABSOLUTE)

    Exec Addr    Load Addr    Size         Type   Attr      Idx    E Section Name        Object

    0x08000000   0x08000000   0x00000130   Data   RO         4427    RESET               startup_gd32f30x_hd.o
    0x08000130   0x08000130   0x00000000   Code   RO         6414  * .ARM.Collect$$$$00000000  mc_w.l(entry.o)
    0x08000130   0x08000130   0x00000004   Code   RO         6765    .ARM.Collect$$$$00000001  mc_w.l(entry2.o)
    0x08000134   0x08000134   0x00000004   Code   RO         6768    .ARM.Collect$$$$00000004  mc_w.l(entry5.o)
    0x08000138   0x08000138   0x00000000   Code   RO         6770    .ARM.Collect$$$$00000008  mc_w.l(entry7b.o)
    0x08000138   0x08000138   0x00000000   Code   RO         6772    .ARM.Collect$$$$0000000A  mc_w.l(entry8b.o)
    0x08000138   0x08000138   0x00000008   Code   RO         6773    .ARM.Collect$$$$0000000B  mc_w.l(entry9a.o)
    0x08000140   0x08000140   0x00000004   Code   RO         6780    .ARM.Collect$$$$0000000E  mc_w.l(entry12b.o)
    0x08000144   0x08000144   0x00000000   Code   RO         6775    .ARM.Collect$$$$0000000F  mc_w.l(entry10a.o)
    0x08000144   0x08000144   0x00000000   Code   RO         6777    .ARM.Collect$$$$00000011  mc_w.l(entry11a.o)
    0x08000144   0x08000144   0x00000004   Code   RO         6766    .ARM.Collect$$$$00002712  mc_w.l(entry2.o)
    0x08000148   0x08000148   0x00000024   Code   RO         4428    .text               startup_gd32f30x_hd.o
    0x0800016c   0x0800016c   0x00000024   Code   RO         6435    .text               mc_w.l(memcpya.o)
    0x08000190   0x08000190   0x00000024   Code   RO         6437    .text               mc_w.l(memseta.o)
    0x080001b4   0x080001b4   0x00000024   Code   RO         6439    .text               mc_w.l(strstr.o)
    0x080001d8   0x080001d8   0x0000000e   Code   RO         6443    .text               mc_w.l(strlen.o)
    0x080001e6   0x080001e6   0x0000001e   Code   RO         6447    .text               mc_w.l(strncmp.o)
    0x08000204   0x08000204   0x000000de   Code   RO         6742    .text               mf_w.l(ddiv.o)
    0x080002e2   0x080002e2   0x00000026   Code   RO         6744    .text               mf_w.l(f2d.o)
    0x08000308   0x08000308   0x00000038   Code   RO         6746    .text               mf_w.l(d2f.o)
    0x08000340   0x08000340   0x0000002c   Code   RO         6782    .text               mc_w.l(uidiv.o)
    0x0800036c   0x0800036c   0x00000062   Code   RO         6784    .text               mc_w.l(uldiv.o)
    0x080003ce   0x080003ce   0x00000000   Code   RO         6803    .text               mc_w.l(iusefp.o)
    0x080003ce   0x080003ce   0x0000006e   Code   RO         6804    .text               mf_w.l(fepilogue.o)
    0x0800043c   0x0800043c   0x000000ba   Code   RO         6806    .text               mf_w.l(depilogue.o)
    0x080004f6   0x080004f6   0x0000014e   Code   RO         6808    .text               mf_w.l(dadd.o)
    0x08000644   0x08000644   0x000000e4   Code   RO         6810    .text               mf_w.l(dmul.o)
    0x08000728   0x08000728   0x00000022   Code   RO         6814    .text               mf_w.l(dflti.o)
    0x0800074a   0x0800074a   0x00000030   Code   RO         6816    .text               mf_w.l(dfixul.o)
    0x0800077a   0x0800077a   0x00000002   PAD
    0x0800077c   0x0800077c   0x00000030   Code   RO         6818    .text               mf_w.l(cdcmple.o)
    0x080007ac   0x080007ac   0x00000030   Code   RO         6820    .text               mf_w.l(cdrcmple.o)
    0x080007dc   0x080007dc   0x00000024   Code   RO         6822    .text               mc_w.l(init.o)
    0x08000800   0x08000800   0x0000001e   Code   RO         6824    .text               mc_w.l(llshl.o)
    0x0800081e   0x0800081e   0x00000020   Code   RO         6826    .text               mc_w.l(llushr.o)
    0x0800083e   0x0800083e   0x00000024   Code   RO         6828    .text               mc_w.l(llsshr.o)
    0x08000862   0x08000862   0x00000056   Code   RO         6870    .text               mc_w.l(__dczerorl2.o)
    0x080008b8   0x080008b8   0x00000004   Code   RO            3    i.BusFault_Handler  gd32f30x_it.o
    0x080008bc   0x080008bc   0x0000002c   Code   RO         4667    i.Button_gpio_init  button.o
    0x080008e8   0x080008e8   0x00000074   Code   RO         4434    i.DMA0_Channel1_IRQHandler  uart.o
    0x0800095c   0x0800095c   0x00000074   Code   RO         4435    i.DMA0_Channel3_IRQHandler  uart.o
    0x080009d0   0x080009d0   0x00000074   Code   RO         4436    i.DMA0_Channel6_IRQHandler  uart.o
    0x08000a44   0x08000a44   0x00000020   Code   RO         4437    i.DMA1_Channel3_4_IRQHandler  uart.o
    0x08000a64   0x08000a64   0x00000038   Code   RO         4726    i.DR_Key_Init       dr_button_api.o
    0x08000a9c   0x08000a9c   0x00000002   Code   RO            4    i.DebugMon_Handler  gd32f30x_it.o
    0x08000a9e   0x08000a9e   0x00000002   PAD
    0x08000aa0   0x08000aa0   0x00000010   Code   RO         4727    i.Get_Key1          dr_button_api.o
    0x08000ab0   0x08000ab0   0x00000010   Code   RO         4728    i.Get_Key2          dr_button_api.o
    0x08000ac0   0x08000ac0   0x00000004   Code   RO            5    i.HardFault_Handler  gd32f30x_it.o
    0x08000ac4   0x08000ac4   0x00000020   Code   RO         4729    i.Key1_PRESS_DOWN_Handler  dr_button_api.o
    0x08000ae4   0x08000ae4   0x00000020   Code   RO         4730    i.Key2_PRESS_DOWN_Handler  dr_button_api.o
    0x08000b04   0x08000b04   0x00000008   Code   RO         4731    i.Key_Tick          dr_button_api.o
    0x08000b0c   0x08000b0c   0x00000018   Code   RO         4841    i.LED_ON            led.o
    0x08000b24   0x08000b24   0x00000004   Code   RO            6    i.MemManage_Handler  gd32f30x_it.o
    0x08000b28   0x08000b28   0x00000002   Code   RO            7    i.NMI_Handler       gd32f30x_it.o
    0x08000b2a   0x08000b2a   0x00000002   PAD
    0x08000b2c   0x08000b2c   0x0000001c   Code   RO         5433    i.NTC_Init          ntc.o
    0x08000b48   0x08000b48   0x000001b4   Code   RO         5434    i.NTC_Read          ntc.o
    0x08000cfc   0x08000cfc   0x00000028   Code   RO          322    i.NVIC_SetPriority  systick.o
    0x08000d24   0x08000d24   0x0000003c   Code   RO         5338    i.Output_task       input.o
    0x08000d60   0x08000d60   0x00000002   Code   RO            8    i.PendSV_Handler    gd32f30x_it.o
    0x08000d62   0x08000d62   0x00000002   PAD
    0x08000d64   0x08000d64   0x00000020   Code   RO         5238    i.RTC_IRQHandler    rtc.o
    0x08000d84   0x08000d84   0x00000024   Code   RO         4732    i.ReadKey1          dr_button_api.o
    0x08000da8   0x08000da8   0x00000024   Code   RO         4733    i.ReadKey2          dr_button_api.o
    0x08000dcc   0x08000dcc   0x00000002   Code   RO            9    i.SVC_Handler       gd32f30x_it.o
    0x08000dce   0x08000dce   0x00000002   PAD
    0x08000dd0   0x08000dd0   0x00000060   Code   RO           10    i.SysTick_Handler   gd32f30x_it.o
    0x08000e30   0x08000e30   0x000000a8   Code   RO          383    i.SystemInit        system_gd32f30x.o
    0x08000ed8   0x08000ed8   0x00000020   Code   RO         6304    i.TIMER3_IRQHandler  porttimer.o
    0x08000ef8   0x08000ef8   0x0000006c   Code   RO         4668    i.TIMER6_IRQHandler  button.o
    0x08000f64   0x08000f64   0x00000058   Code   RO         6250    i.UART3_IRQHandler  portserial.o
    0x08000fbc   0x08000fbc   0x00000054   Code   RO         4438    i.USART0_IRQHandler  uart.o
    0x08001010   0x08001010   0x00000064   Code   RO         4439    i.USART1_IRQHandler  uart.o
    0x08001074   0x08001074   0x00000064   Code   RO         4440    i.USART2_IRQHandler  uart.o
    0x080010d8   0x080010d8   0x00000004   Code   RO           11    i.UsageFault_Handler  gd32f30x_it.o
    0x080010dc   0x080010dc   0x00000020   Code   RO         6684    i.__0printf         mc_w.l(printfa.o)
    0x080010fc   0x080010fc   0x00000034   Code   RO         6685    i.__0snprintf       mc_w.l(printfa.o)
    0x08001130   0x08001130   0x00000034   Code   RO         6689    i.__0vsnprintf      mc_w.l(printfa.o)
    0x08001164   0x08001164   0x0000009c   Code   RO         6345    i.__aeabi_assert    retarget_io.o
    0x08001200   0x08001200   0x000003c4   Code   RO         6400    i.__hardfp_log      m_wm.l(log.o)
    0x080015c4   0x080015c4   0x000000f8   Code   RO         6762    i.__kernel_poly     m_wm.l(poly.o)
    0x080016bc   0x080016bc   0x00000004   PAD
    0x080016c0   0x080016c0   0x00000030   Code   RO         6748    i.__mathlib_dbl_divzero  m_wm.l(dunder.o)
    0x080016f0   0x080016f0   0x00000014   Code   RO         6749    i.__mathlib_dbl_infnan  m_wm.l(dunder.o)
    0x08001704   0x08001704   0x00000004   PAD
    0x08001708   0x08001708   0x00000020   Code   RO         6751    i.__mathlib_dbl_invalid  m_wm.l(dunder.o)
    0x08001728   0x08001728   0x0000000e   Code   RO         6864    i.__scatterload_copy  mc_w.l(handlers.o)
    0x08001736   0x08001736   0x00000002   Code   RO         6865    i.__scatterload_null  mc_w.l(handlers.o)
    0x08001738   0x08001738   0x0000000e   Code   RO         6866    i.__scatterload_zeroinit  mc_w.l(handlers.o)
    0x08001746   0x08001746   0x00000002   PAD
    0x08001748   0x08001748   0x0000000c   Code   RO         6796    i.__set_errno       mc_w.l(errno.o)
    0x08001754   0x08001754   0x00000184   Code   RO         6691    i._fp_digits        mc_w.l(printfa.o)
    0x080018d8   0x080018d8   0x000006b4   Code   RO         6692    i._printf_core      mc_w.l(printfa.o)
    0x08001f8c   0x08001f8c   0x00000024   Code   RO         6693    i._printf_post_padding  mc_w.l(printfa.o)
    0x08001fb0   0x08001fb0   0x0000002e   Code   RO         6694    i._printf_pre_padding  mc_w.l(printfa.o)
    0x08001fde   0x08001fde   0x00000016   Code   RO         6695    i._snputc           mc_w.l(printfa.o)
    0x08001ff4   0x08001ff4   0x00000004   Code   RO         6347    i.abort             retarget_io.o
    0x08001ff8   0x08001ff8   0x00000114   Code   RO         5394    i.adc0_config       adc.o
    0x0800210c   0x0800210c   0x0000002a   Code   RO          428    i.adc_calibration_enable  gd32f30x_adc.o
    0x08002136   0x08002136   0x00000046   Code   RO          429    i.adc_channel_length_config  gd32f30x_adc.o
    0x0800217c   0x0800217c   0x00000016   Code   RO          430    i.adc_data_alignment_config  gd32f30x_adc.o
    0x08002192   0x08002192   0x0000000a   Code   RO          435    i.adc_dma_mode_enable  gd32f30x_adc.o
    0x0800219c   0x0800219c   0x00000012   Code   RO          436    i.adc_enable        gd32f30x_adc.o
    0x080021ae   0x080021ae   0x0000003e   Code   RO          437    i.adc_external_trigger_config  gd32f30x_adc.o
    0x080021ec   0x080021ec   0x00000030   Code   RO          438    i.adc_external_trigger_source_config  gd32f30x_adc.o
    0x0800221c   0x0800221c   0x0000001c   Code   RO          448    i.adc_mode_config   gd32f30x_adc.o
    0x08002238   0x08002238   0x000000ac   Code   RO          452    i.adc_regular_channel_config  gd32f30x_adc.o
    0x080022e4   0x080022e4   0x0000001e   Code   RO          455    i.adc_software_trigger_enable  gd32f30x_adc.o
    0x08002302   0x08002302   0x0000005a   Code   RO          456    i.adc_special_function_config  gd32f30x_adc.o
    0x0800235c   0x0800235c   0x00000060   Code   RO         4963    i.add_task          work.o
    0x080023bc   0x080023bc   0x00000068   Code   RO         4964    i.add_task_with_param  work.o
    0x08002424   0x08002424   0x00000032   Code   RO         4788    i.button_attach     dr_button_reg.o
    0x08002456   0x08002456   0x00000246   Code   RO         4789    i.button_handler    dr_button_reg.o
    0x0800269c   0x0800269c   0x0000000c   Code   RO         4790    i.button_init       dr_button_reg.o
    0x080026a8   0x080026a8   0x0000002c   Code   RO         4791    i.button_start      dr_button_reg.o
    0x080026d4   0x080026d4   0x0000001c   Code   RO         4793    i.button_ticks      dr_button_reg.o
    0x080026f0   0x080026f0   0x00000014   Code   RO          323    i.delay_1ms         systick.o
    0x08002704   0x08002704   0x00000018   Code   RO          324    i.delay_decrement   systick.o
    0x0800271c   0x0800271c   0x00000052   Code   RO         4442    i.dequeue           uart.o
    0x0800276e   0x0800276e   0x00000002   PAD
    0x08002770   0x08002770   0x00000030   Code   RO         5101    i.dial_init         dial.o
    0x080027a0   0x080027a0   0x00000032   Code   RO         1450    i.dma_channel_disable  gd32f30x_dma.o
    0x080027d2   0x080027d2   0x00000032   Code   RO         1451    i.dma_channel_enable  gd32f30x_dma.o
    0x08002804   0x08002804   0x00000032   Code   RO         1452    i.dma_circulation_disable  gd32f30x_dma.o
    0x08002836   0x08002836   0x00000032   Code   RO         1453    i.dma_circulation_enable  gd32f30x_dma.o
    0x08002868   0x08002868   0x00000070   Code   RO         1454    i.dma_deinit        gd32f30x_dma.o
    0x080028d8   0x080028d8   0x00000010   Code   RO         1455    i.dma_flag_clear    gd32f30x_dma.o
    0x080028e8   0x080028e8   0x0000012e   Code   RO         1457    i.dma_init          gd32f30x_dma.o
    0x08002a16   0x08002a16   0x00000032   Code   RO         1459    i.dma_interrupt_enable  gd32f30x_dma.o
    0x08002a48   0x08002a48   0x00000010   Code   RO         1460    i.dma_interrupt_flag_clear  gd32f30x_dma.o
    0x08002a58   0x08002a58   0x00000082   Code   RO         1461    i.dma_interrupt_flag_get  gd32f30x_dma.o
    0x08002ada   0x08002ada   0x00000024   Code   RO         1462    i.dma_memory_address_config  gd32f30x_dma.o
    0x08002afe   0x08002afe   0x00000032   Code   RO         1465    i.dma_memory_to_memory_disable  gd32f30x_dma.o
    0x08002b30   0x08002b30   0x00000018   Code   RO         1469    i.dma_periph_and_channel_check  gd32f30x_dma.o
    0x08002b48   0x08002b48   0x0000001c   Code   RO         1474    i.dma_struct_para_init  gd32f30x_dma.o
    0x08002b64   0x08002b64   0x00000026   Code   RO         1476    i.dma_transfer_number_config  gd32f30x_dma.o
    0x08002b8a   0x08002b8a   0x00000022   Code   RO         1477    i.dma_transfer_number_get  gd32f30x_dma.o
    0x08002bac   0x08002bac   0x00000028   Code   RO         5839    i.eMBEnable         mb.o
    0x08002bd4   0x08002bd4   0x000000a6   Code   RO         5963    i.eMBFuncReadCoils  mbfunccoils.o
    0x08002c7a   0x08002c7a   0x000000a4   Code   RO         6000    i.eMBFuncReadDiscreteInputs  mbfuncdisc.o
    0x08002d1e   0x08002d1e   0x00000084   Code   RO         6020    i.eMBFuncReadHoldingRegister  mbfuncholding.o
    0x08002da2   0x08002da2   0x00000084   Code   RO         6058    i.eMBFuncReadInputRegister  mbfuncinput.o
    0x08002e26   0x08002e26   0x000000d4   Code   RO         6021    i.eMBFuncReadWriteMultipleHoldingRegister  mbfuncholding.o
    0x08002efa   0x08002efa   0x00000002   PAD
    0x08002efc   0x08002efc   0x00000028   Code   RO         6078    i.eMBFuncReportSlaveID  mbfuncother.o
    0x08002f24   0x08002f24   0x0000006c   Code   RO         5964    i.eMBFuncWriteCoil  mbfunccoils.o
    0x08002f90   0x08002f90   0x0000003e   Code   RO         6022    i.eMBFuncWriteHoldingRegister  mbfuncholding.o
    0x08002fce   0x08002fce   0x0000008e   Code   RO         5965    i.eMBFuncWriteMultipleCoils  mbfunccoils.o
    0x0800305c   0x0800305c   0x0000006a   Code   RO         6023    i.eMBFuncWriteMultipleHoldingRegister  mbfuncholding.o
    0x080030c6   0x080030c6   0x00000002   PAD
    0x080030c8   0x080030c8   0x000000e0   Code   RO         5840    i.eMBInit           mb.o
    0x080031a8   0x080031a8   0x00000138   Code   RO         5841    i.eMBPoll           mb.o
    0x080032e0   0x080032e0   0x00000050   Code   RO         6107    i.eMBRTUInit        mbrtu.o
    0x08003330   0x08003330   0x000000ac   Code   RO         6108    i.eMBRTUReceive     mbrtu.o
    0x080033dc   0x080033dc   0x000000a8   Code   RO         6109    i.eMBRTUSend        mbrtu.o
    0x08003484   0x08003484   0x0000001c   Code   RO         6110    i.eMBRTUStart       mbrtu.o
    0x080034a0   0x080034a0   0x00000010   Code   RO         6111    i.eMBRTUStop        mbrtu.o
    0x080034b0   0x080034b0   0x00000098   Code   RO         5472    i.eMBRegCoilsCB     modbus.o
    0x08003548   0x08003548   0x00000060   Code   RO         5473    i.eMBRegDiscreteCB  modbus.o
    0x080035a8   0x080035a8   0x0000007c   Code   RO         5474    i.eMBRegHoldingCB   modbus.o
    0x08003624   0x08003624   0x00000048   Code   RO         5475    i.eMBRegInputCB     modbus.o
    0x0800366c   0x0800366c   0x00000108   Code   RO         5527    i.elog_get_filter_tag_lvl  elog.o
    0x08003774   0x08003774   0x00000050   Code   RO         5531    i.elog_init         elog.o
    0x080037c4   0x080037c4   0x00000408   Code   RO         5532    i.elog_output       elog.o
    0x08003bcc   0x08003bcc   0x00000028   Code   RO         5533    i.elog_output_lock  elog.o
    0x08003bf4   0x08003bf4   0x00000040   Code   RO         5534    i.elog_output_lock_enabled  elog.o
    0x08003c34   0x08003c34   0x00000028   Code   RO         5535    i.elog_output_unlock  elog.o
    0x08003c5c   0x08003c5c   0x00000008   Code   RO         5735    i.elog_port_get_p_info  elog_port.o
    0x08003c64   0x08003c64   0x00000008   Code   RO         5736    i.elog_port_get_t_info  elog_port.o
    0x08003c6c   0x08003c6c   0x00000008   Code   RO         5737    i.elog_port_get_time  elog_port.o
    0x08003c74   0x08003c74   0x00000004   Code   RO         5738    i.elog_port_init    elog_port.o
    0x08003c78   0x08003c78   0x00000010   Code   RO         5739    i.elog_port_output  elog_port.o
    0x08003c88   0x08003c88   0x00000002   Code   RO         5740    i.elog_port_output_lock  elog_port.o
    0x08003c8a   0x08003c8a   0x00000002   Code   RO         5741    i.elog_port_output_unlock  elog_port.o
    0x08003c8c   0x08003c8c   0x000000b8   Code   RO         5539    i.elog_set_filter_lvl  elog.o
    0x08003d44   0x08003d44   0x0000003c   Code   RO         5542    i.elog_set_filter_tag_lvl_default  elog.o
    0x08003d80   0x08003d80   0x000000bc   Code   RO         5543    i.elog_set_fmt      elog.o
    0x08003e3c   0x08003e3c   0x000000cc   Code   RO         5544    i.elog_set_output_enabled  elog.o
    0x08003f08   0x08003f08   0x000000cc   Code   RO         5545    i.elog_set_text_color_enabled  elog.o
    0x08003fd4   0x08003fd4   0x00000088   Code   RO         5546    i.elog_start        elog.o
    0x0800405c   0x0800405c   0x00000100   Code   RO         5808    i.elog_strcpy       elog_utils.o
    0x0800415c   0x0800415c   0x00000080   Code   RO         4443    i.enqueue           uart.o
    0x080041dc   0x080041dc   0x00000046   Code   RO         5124    i.ewma_filter_apply  app_filter.o
    0x08004222   0x08004222   0x00000002   PAD
    0x08004224   0x08004224   0x00000034   Code   RO         5125    i.ewma_filter_init  app_filter.o
    0x08004258   0x08004258   0x00000094   Code   RO         4971    i.execute_state_machine  work.o
    0x080042ec   0x080042ec   0x00000024   Code   RO         4444    i.fputc             uart.o
    0x08004310   0x08004310   0x00000018   Code   RO         6417    i.fputs             mc_w.l(fputs.o)
    0x08004328   0x08004328   0x00000020   Code   RO         4669    i.gd_eval_key_state_get  button.o
    0x08004348   0x08004348   0x00000038   Code   RO         4842    i.gd_eval_led_toggle  led.o
    0x08004380   0x08004380   0x000000c8   Code   RO         5548    i.get_fmt_enabled   elog.o
    0x08004448   0x08004448   0x0000001c   Code   RO         5549    i.get_fmt_used_and_enabled_ptr  elog.o
    0x08004464   0x08004464   0x0000001c   Code   RO         5550    i.get_fmt_used_and_enabled_u32  elog.o
    0x08004480   0x08004480   0x0000000a   Code   RO         2193    i.gpio_bit_write    gd32f30x_gpio.o
    0x0800448a   0x0800448a   0x000000bc   Code   RO         2201    i.gpio_init         gd32f30x_gpio.o
    0x08004546   0x08004546   0x00000010   Code   RO         2202    i.gpio_input_bit_get  gd32f30x_gpio.o
    0x08004556   0x08004556   0x00000002   PAD
    0x08004558   0x08004558   0x000000b0   Code   RO         4972    i.hw_init           work.o
    0x08004608   0x08004608   0x00000010   Code   RO         4973    i.init_task_queue   work.o
    0x08004618   0x08004618   0x00000038   Code   RO         4843    i.led_init          led.o
    0x08004650   0x08004650   0x0000000c   Code   RO         4974    i.led_toggle_param  work.o
    0x0800465c   0x0800465c   0x00000010   Code   RO         4975    i.level_modbus_task  work.o
    0x0800466c   0x0800466c   0x00000020   Code   RO         5339    i.level_sensor_init  input.o
    0x0800468c   0x0800468c   0x0000012c   Code   RO         5340    i.level_sensor_read  input.o
    0x080047b8   0x080047b8   0x00000018   Code   RO          196    i.main              main.o
    0x080047d0   0x080047d0   0x0000006c   Code   RO         6713    i.malloc            mc_w.l(malloc.o)
    0x0800483c   0x0800483c   0x0000000a   Code   RO         4976    i.memory_allocation_failed  work.o
    0x08004846   0x08004846   0x00000002   PAD
    0x08004848   0x08004848   0x000000c4   Code   RO         2525    i.nvic_irq_enable   gd32f30x_misc.o
    0x0800490c   0x0800490c   0x00000014   Code   RO         2526    i.nvic_priority_group_set  gd32f30x_misc.o
    0x08004920   0x08004920   0x0000003c   Code   RO         5341    i.output_gpio_init  input.o
    0x0800495c   0x0800495c   0x00000022   Code   RO         6174    i.prveMBError2Exception  mbutils.o
    0x0800497e   0x0800497e   0x00000002   PAD
    0x08004980   0x08004980   0x00000010   Code   RO         6305    i.prvvTIMERExpiredISR  porttimer.o
    0x08004990   0x08004990   0x00000010   Code   RO         6251    i.prvvUARTRxISR     portserial.o
    0x080049a0   0x080049a0   0x00000010   Code   RO         6252    i.prvvUARTTxReadyISR  portserial.o
    0x080049b0   0x080049b0   0x0000006c   Code   RO         2715    i.rcu_adc_clock_config  gd32f30x_rcu.o
    0x08004a1c   0x08004a1c   0x00000158   Code   RO         2724    i.rcu_clock_freq_get  gd32f30x_rcu.o
    0x08004b74   0x08004b74   0x00000020   Code   RO         2742    i.rcu_periph_clock_enable  gd32f30x_rcu.o
    0x08004b94   0x08004b94   0x00000020   Code   RO         2745    i.rcu_periph_reset_disable  gd32f30x_rcu.o
    0x08004bb4   0x08004bb4   0x00000020   Code   RO         2746    i.rcu_periph_reset_enable  gd32f30x_rcu.o
    0x08004bd4   0x08004bd4   0x00000010   Code   RO         2972    i.rtc_flag_clear    gd32f30x_rtc.o
    0x08004be4   0x08004be4   0x00000018   Code   RO         2973    i.rtc_flag_get      gd32f30x_rtc.o
    0x08004bfc   0x08004bfc   0x00000014   Code   RO         2976    i.rtc_lwoff_wait    gd32f30x_rtc.o
    0x08004c10   0x08004c10   0x00000040   Code   RO         4977    i.scheduler         work.o
    0x08004c50   0x08004c50   0x00000114   Code   RO          384    i.system_clock_120m_hxtal  system_gd32f30x.o
    0x08004d64   0x08004d64   0x00000008   Code   RO          385    i.system_clock_config  system_gd32f30x.o
    0x08004d6c   0x08004d6c   0x00000050   Code   RO          325    i.systick_config    systick.o
    0x08004dbc   0x08004dbc   0x00000050   Code   RO         4979    i.task_init         work.o
    0x08004e0c   0x08004e0c   0x00000010   Code   RO         4980    i.temp_read_task    work.o
    0x08004e1c   0x08004e1c   0x00000064   Code   RO         4928    i.timer3_config     timer.o
    0x08004e80   0x08004e80   0x00000064   Code   RO         4670    i.timer6_config     button.o
    0x08004ee4   0x08004ee4   0x00000004   Code   RO         3641    i.timer_counter_value_config  gd32f30x_timer.o
    0x08004ee8   0x08004ee8   0x000000dc   Code   RO         3642    i.timer_deinit      gd32f30x_timer.o
    0x08004fc4   0x08004fc4   0x0000000a   Code   RO         3643    i.timer_disable     gd32f30x_timer.o
    0x08004fce   0x08004fce   0x0000000a   Code   RO         3647    i.timer_enable      gd32f30x_timer.o
    0x08004fd8   0x08004fd8   0x00000098   Code   RO         3657    i.timer_init        gd32f30x_timer.o
    0x08005070   0x08005070   0x00000008   Code   RO         3664    i.timer_interrupt_enable  gd32f30x_timer.o
    0x08005078   0x08005078   0x00000006   Code   RO         3665    i.timer_interrupt_flag_clear  gd32f30x_timer.o
    0x0800507e   0x0800507e   0x00000018   Code   RO         3666    i.timer_interrupt_flag_get  gd32f30x_timer.o
    0x08005096   0x08005096   0x00000016   Code   RO         3677    i.timer_struct_para_init  gd32f30x_timer.o
    0x080050ac   0x080050ac   0x000000ac   Code   RO         4445    i.uart0_config      uart.o
    0x08005158   0x08005158   0x000000e0   Code   RO         4446    i.uart0_dma_init    uart.o
    0x08005238   0x08005238   0x0000006c   Code   RO         4447    i.uart0_dma_send    uart.o
    0x080052a4   0x080052a4   0x00000090   Code   RO         4460    i.uart3_config      uart.o
    0x08005334   0x08005334   0x00000038   Code   RO         5938    i.usMBCRC16         mbcrc.o
    0x0800536c   0x0800536c   0x00000090   Code   RO         4055    i.usart_baudrate_set  gd32f30x_usart.o
    0x080053fc   0x080053fc   0x0000000a   Code   RO         4058    i.usart_data_receive  gd32f30x_usart.o
    0x08005406   0x08005406   0x00000008   Code   RO         4059    i.usart_data_transmit  gd32f30x_usart.o
    0x0800540e   0x0800540e   0x00000002   PAD
    0x08005410   0x08005410   0x00000090   Code   RO         4060    i.usart_deinit      gd32f30x_usart.o
    0x080054a0   0x080054a0   0x00000014   Code   RO         4062    i.usart_dma_receive_config  gd32f30x_usart.o
    0x080054b4   0x080054b4   0x00000014   Code   RO         4063    i.usart_dma_transmit_config  gd32f30x_usart.o
    0x080054c8   0x080054c8   0x0000000a   Code   RO         4064    i.usart_enable      gd32f30x_usart.o
    0x080054d2   0x080054d2   0x0000001e   Code   RO         4066    i.usart_flag_get    gd32f30x_usart.o
    0x080054f0   0x080054f0   0x00000014   Code   RO         4070    i.usart_hardware_flow_cts_config  gd32f30x_usart.o
    0x08005504   0x08005504   0x00000014   Code   RO         4071    i.usart_hardware_flow_rts_config  gd32f30x_usart.o
    0x08005518   0x08005518   0x0000001a   Code   RO         4072    i.usart_interrupt_disable  gd32f30x_usart.o
    0x08005532   0x08005532   0x0000001a   Code   RO         4073    i.usart_interrupt_enable  gd32f30x_usart.o
    0x0800554c   0x0800554c   0x00000012   Code   RO         4074    i.usart_interrupt_flag_clear  gd32f30x_usart.o
    0x0800555e   0x0800555e   0x00000038   Code   RO         4075    i.usart_interrupt_flag_get  gd32f30x_usart.o
    0x08005596   0x08005596   0x00000010   Code   RO         4086    i.usart_parity_config  gd32f30x_usart.o
    0x080055a6   0x080055a6   0x00000014   Code   RO         4088    i.usart_receive_config  gd32f30x_usart.o
    0x080055ba   0x080055ba   0x00000010   Code   RO         4098    i.usart_stop_bit_set  gd32f30x_usart.o
    0x080055ca   0x080055ca   0x00000014   Code   RO         4102    i.usart_transmit_config  gd32f30x_usart.o
    0x080055de   0x080055de   0x00000010   Code   RO         4103    i.usart_word_length_set  gd32f30x_usart.o
    0x080055ee   0x080055ee   0x00000002   PAD
    0x080055f0   0x080055f0   0x00000040   Code   RO         6253    i.vMBPortSerialEnable  portserial.o
    0x08005630   0x08005630   0x00000010   Code   RO         6306    i.vMBPortTimersDisable  porttimer.o
    0x08005640   0x08005640   0x00000018   Code   RO         6307    i.vMBPortTimersEnable  porttimer.o
    0x08005658   0x08005658   0x00000024   Code   RO         6206    i.xMBPortEventGet   portevent.o
    0x0800567c   0x0800567c   0x00000010   Code   RO         6207    i.xMBPortEventInit  portevent.o
    0x0800568c   0x0800568c   0x00000018   Code   RO         6208    i.xMBPortEventPost  portevent.o
    0x080056a4   0x080056a4   0x00000014   Code   RO         6254    i.xMBPortSerialGetByte  portserial.o
    0x080056b8   0x080056b8   0x00000018   Code   RO         6255    i.xMBPortSerialInit  portserial.o
    0x080056d0   0x080056d0   0x00000024   Code   RO         6256    i.xMBPortSerialPutByte  portserial.o
    0x080056f4   0x080056f4   0x0000000e   Code   RO         6308    i.xMBPortTimersInit  porttimer.o
    0x08005702   0x08005702   0x00000002   PAD
    0x08005704   0x08005704   0x000000d8   Code   RO         6112    i.xMBRTUReceiveFSM  mbrtu.o
    0x080057dc   0x080057dc   0x00000088   Code   RO         6113    i.xMBRTUTimerT35Expired  mbrtu.o
    0x08005864   0x08005864   0x000000c0   Code   RO         6114    i.xMBRTUTransmitFSM  mbrtu.o
    0x08005924   0x08005924   0x0000002a   Code   RO         6175    i.xMBUtilGetBits    mbutils.o
    0x0800594e   0x0800594e   0x00000002   PAD
    0x08005950   0x08005950   0x0000009c   Code   RO         6176    i.xMBUtilSetBits    mbutils.o
    0x080059ec   0x080059ec   0x00000010   Data   RO         4982    .constdata          work.o
    0x080059fc   0x080059fc   0x00000009   Data   RO         5436    .constdata          ntc.o
    0x08005a05   0x08005a05   0x000000e2   Data   RO         5552    .constdata          elog.o
    0x08005ae7   0x08005ae7   0x00000023   Data   RO         5809    .constdata          elog_utils.o
    0x08005b0a   0x08005b0a   0x00000200   Data   RO         5939    .constdata          mbcrc.o
    0x08005d0a   0x08005d0a   0x00000006   PAD
    0x08005d10   0x08005d10   0x00000038   Data   RO         6403    .constdata          m_wm.l(log.o)
    0x08005d48   0x08005d48   0x00000008   Data   RO         6764    .constdata          m_wm.l(qnan.o)
    0x08005d50   0x08005d50   0x00000047   Data   RO         5553    .conststring        elog.o
    0x08005d97   0x08005d97   0x00000001   PAD
    0x08005d98   0x08005d98   0x00000063   Data   RO         6116    .conststring        mbrtu.o
    0x08005dfb   0x08005dfb   0x00000001   PAD
    0x08005dfc   0x08005dfc   0x00000020   Data   RO         6862    Region$$Table       anon$$obj.o


    Execution Region RW_IRAM1 (Exec base: 0x20000000, Load base: 0x08005e1c, Size: 0x00005728, Max: 0x0000c000, ABSOLUTE, COMPRESSED[0x0000009c])

    Exec Addr    Load Addr    Size         Type   Attr      Idx    E Section Name        Object

    0x20000000   COMPRESSED   0x00000004   Data   RW          327    .data               systick.o
    0x20000004   COMPRESSED   0x00000004   Data   RW          386    .data               system_gd32f30x.o
    0x20000008   COMPRESSED   0x0000004d   Data   RW         4672    .data               button.o
    0x20000055   COMPRESSED   0x00000003   PAD
    0x20000058   COMPRESSED   0x0000002c   Data   RW         4735    .data               dr_button_api.o
    0x20000084   COMPRESSED   0x00000004   Data   RW         4795    .data               dr_button_reg.o
    0x20000088   COMPRESSED   0x00000010   Data   RW         4844    .data               led.o
    0x20000098   COMPRESSED   0x00000055   Data   RW         4983    .data               work.o
    0x200000ed   COMPRESSED   0x00000003   PAD
    0x200000f0   COMPRESSED   0x0000004d   Data   RW         5248    .data               rtc.o
    0x2000013d   COMPRESSED   0x0000000d   Data   RW         5342    .data               input.o
    0x2000014a   COMPRESSED   0x00000004   Data   RW         5398    .data               adc.o
    0x2000014e   COMPRESSED   0x00000002   PAD
    0x20000150   COMPRESSED   0x00000056   Data   RW         5477    .data               modbus.o
    0x200001a6   COMPRESSED   0x00000002   PAD
    0x200001a8   COMPRESSED   0x00000034   Data   RW         5554    .data               elog.o
    0x200001dc   COMPRESSED   0x000000b5   Data   RW         5843    .data               mb.o
    0x20000291   COMPRESSED   0x00000001   PAD
    0x20000292   COMPRESSED   0x00000002   Data   RW         6081    .data               mbfuncother.o
    0x20000294   COMPRESSED   0x0000000c   Data   RW         6117    .data               mbrtu.o
    0x200002a0   COMPRESSED   0x00000002   Data   RW         6209    .data               portevent.o
    0x200002a2   COMPRESSED   0x00000002   PAD
    0x200002a4   COMPRESSED   0x00000004   Data   RW         6421    .data               mc_w.l(stderr.o)
    0x200002a8   COMPRESSED   0x00000004   Data   RW         6781    .data               mc_w.l(stdout.o)
    0x200002ac   COMPRESSED   0x00000004   Data   RW         6792    .data               mc_w.l(mvars.o)
    0x200002b0   COMPRESSED   0x00000004   Data   RW         6793    .data               mc_w.l(mvars.o)
    0x200002b4   COMPRESSED   0x00000004   Data   RW         6797    .data               mc_w.l(errno.o)
    0x200002b8        -       0x00002590   Zero   RW         4468    .bss                uart.o
    0x20002848        -       0x00000010   Zero   RW         4671    .bss                button.o
    0x20002858        -       0x00000028   Zero   RW         4734    .bss                dr_button_api.o
    0x20002880        -       0x00000010   Zero   RW         4929    .bss                timer.o
    0x20002890        -       0x00000060   Zero   RW         4981    .bss                work.o
    0x200028f0        -       0x0000000c   Zero   RW         5435    .bss                ntc.o
    0x200028fc        -       0x00000010   Zero   RW         5476    .bss                modbus.o
    0x2000290c        -       0x000004f8   Zero   RW         5551    .bss                elog.o
    0x20002e04        -       0x00000020   Zero   RW         6080    .bss                mbfuncother.o
    0x20002e24        -       0x00000100   Zero   RW         6115    .bss                mbrtu.o
    0x20002f24   COMPRESSED   0x00000004   PAD
    0x20002f28        -       0x00002000   Zero   RW         4426    HEAP                startup_gd32f30x_hd.o
    0x20004f28        -       0x00000800   Zero   RW         4425    STACK               startup_gd32f30x_hd.o


==============================================================================

Image component sizes


      Code (inc. data)   RO Data    RW Data    ZI Data      Debug   Object Name

       276         16          0          4          0       1475   adc.o
       122          4          0          0          0       2271   app_filter.o
       284         52          0         77         16       3797   button.o
        48          4          0          0          0        520   dial.o
       232         52          0         44         40       4783   dr_button_api.o
       716         22          0          4          0       3677   dr_button_reg.o
      2752        954        297         52       1272      19824   elog.o
        48         12          0          0          0       7460   elog_port.o
       256         94         35          0          0       2329   elog_utils.o
       592          6          0          0          0       8078   gd32f30x_adc.o
      1036          6          0          0          0      17651   gd32f30x_dma.o
       214          0          0          0          0      14586   gd32f30x_gpio.o
       120         10          0          0          0      30800   gd32f30x_it.o
       216         20          0          0          0       1592   gd32f30x_misc.o
       548         68          0          0          0      21151   gd32f30x_rcu.o
        60         14          0          0          0       1889   gd32f30x_rtc.o
       456         40          0          0          0      22210   gd32f30x_timer.o
       640         16          0          0          0      20221   gd32f30x_usart.o
       452         48          0         13          0       4449   input.o
       136         22          0         16          0       2397   led.o
        24          0          0          0          0       6011   main.o
       576        126          0        181          0       7256   mb.o
         0          0          0          0          0        697   mbascii.o
        56          8        512          0          0       1484   mbcrc.o
       416          0          0          0          0       4118   mbfunccoils.o
       164          0          0          0          0       1812   mbfuncdisc.o
       512          0          0          0          0       5411   mbfuncholding.o
       132          0          0          0          0       1767   mbfuncinput.o
        40         10          0          2         32       1619   mbfuncother.o
      1008        306         99         12        256       6999   mbrtu.o
       232         52          0          0          0       2990   mbutils.o
       444         32          0         86         16       4618   modbus.o
       464        124          9          0         12       2523   ntc.o
        76         24          0          2          0       3253   portevent.o
       264         44          0          0          0       4967   portserial.o
       102         22          0          0          0       2849   porttimer.o
       160         46          0          0          0       1237   retarget_io.o
        32          4          0         77          0       2469   rtc.o
        36          8        304          0      10240        928   startup_gd32f30x_hd.o
       452         30          0          4          0       3147   system_gd32f30x.o
       164         24          0          4          0      34177   systick.o
       100          6          0          0         16       1576   timer.o
      1558        154          0          0       9616      12170   uart.o
       738         76         16         85         96       9538   work.o

    ----------------------------------------------------------------------
     16984       2556       1312        676      21616     314776   Object Totals
         0          0         32          0          0          0   (incl. Generated)
        30          0          8         13          4          0   (incl. Padding)

    ----------------------------------------------------------------------

      Code (inc. data)   RO Data    RW Data    ZI Data      Debug   Library Member Name

       100         28          0          0          0        372   dunder.o
       964         92         56          0          0        316   log.o
       248          0          0          0          0        152   poly.o
         0          0          8          0          0          0   qnan.o
        86          0          0          0          0          0   __dczerorl2.o
         0          0          0          0          0          0   entry.o
         0          0          0          0          0          0   entry10a.o
         0          0          0          0          0          0   entry11a.o
         4          0          0          0          0          0   entry12b.o
         8          4          0          0          0          0   entry2.o
         4          0          0          0          0          0   entry5.o
         0          0          0          0          0          0   entry7b.o
         0          0          0          0          0          0   entry8b.o
         8          4          0          0          0          0   entry9a.o
        12          6          0          4          0         68   errno.o
        24          0          0          0          0         80   fputs.o
        30          0          0          0          0          0   handlers.o
        36          8          0          0          0         68   init.o
         0          0          0          0          0          0   iusefp.o
        30          0          0          0          0         68   llshl.o
        36          0          0          0          0         68   llsshr.o
        32          0          0          0          0         68   llushr.o
       108         16          0          0          0         84   malloc.o
        36          0          0          0          0         68   memcpya.o
        36          0          0          0          0        108   memseta.o
         0          0          0          8          0          0   mvars.o
      2344        100          0          0          0        700   printfa.o
         0          0          0          4          0          0   stderr.o
         0          0          0          4          0          0   stdout.o
        14          0          0          0          0         68   strlen.o
        30          0          0          0          0         80   strncmp.o
        36          0          0          0          0         80   strstr.o
        44          0          0          0          0         80   uidiv.o
        98          0          0          0          0         92   uldiv.o
        48          0          0          0          0         68   cdcmple.o
        48          0          0          0          0         68   cdrcmple.o
        56          0          0          0          0         88   d2f.o
       334          0          0          0          0        148   dadd.o
       222          0          0          0          0        100   ddiv.o
       186          0          0          0          0        176   depilogue.o
        48          0          0          0          0         68   dfixul.o
        34          0          0          0          0         76   dflti.o
       228          0          0          0          0         96   dmul.o
        38          0          0          0          0         68   f2d.o
       110          0          0          0          0        168   fepilogue.o

    ----------------------------------------------------------------------
      5732        258         64         20          0       3744   Library Totals
        12          0          0          0          0          0   (incl. Padding)

    ----------------------------------------------------------------------

      Code (inc. data)   RO Data    RW Data    ZI Data      Debug   Library Name

      1312        120         64          0          0        840   m_wm.l
      3056        138          0         20          0       1780   mc_w.l
      1352          0          0          0          0       1124   mf_w.l

    ----------------------------------------------------------------------
      5732        258         64         20          0       3744   Library Totals

    ----------------------------------------------------------------------

==============================================================================


      Code (inc. data)   RO Data    RW Data    ZI Data      Debug   

     22716       2814       1376        696      21616     296444   Grand Totals
     22716       2814       1376        156      21616     296444   ELF Image Totals (compressed)
     22716       2814       1376        156          0          0   ROM Totals

==============================================================================

    Total RO  Size (Code + RO Data)                24092 (  23.53kB)
    Total RW  Size (RW Data + ZI Data)             22312 (  21.79kB)
    Total ROM Size (Code + RO Data + RW Data)      24248 (  23.68kB)

==============================================================================

